Format: Log Type - Time(microsec) - Message - Optional Info
Log Type: B - Since Boot(Power On Reset),  D - Delta,  S - Statistic
S - QC_IMAGE_VERSION_STRING=BOOT.XF.1.0-00331-M8996LZB-1
S - IMAGE_VARIANT_STRING=M8996LAB
S - OEM_IMAGE_VERSION_STRING=jenkins
S - Boot Interface: UFS
S - Secure Boot: Off
S - Boot Config @ 0x00076044 = 0x000001c9
S - JTAG ID @ 0x000760f4 = 0x4003e0e1
S - OEM ID @ 0x000760f8 = 0x00000000
S - Serial Number @ 0x00074138 = 0x2b5f6219
S - OEM Config Row 0 @ 0x00074188 = 0x0000000000000000
S - OEM Config Row 1 @ 0x00074190 = 0x0000000000000000
S - Feature Config Row 0 @ 0x000741a0 = 0x0050000010000100
S - Feature Config Row 1 @ 0x000741a8 = 0x00fff00001ffffff
S - Core 0 Frequency, 1228 MHz
B -         0 - PBL, Start
B -     10413 - bootable_media_detect_entry, Start
B -     47072 - bootable_media_detect_success, Start
B -     47076 - elf_loader_entry, Start
B -     48096 - auth_hash_seg_entry, Start
B -     48197 - auth_hash_seg_exit, Start
B -     80100 - elf_segs_hash_verify_entry, Start
B -     82593 - PBL, End
B -     84607 - SBL1, Start
B -    181139 - usb: hs_phy_nondrive_start
B -    181475 - usb: PLL lock success - 0x3
B -    184464 - usb: hs_phy_nondrive_finish
B -    188612 - boot_flash_init, Start
D -         0 - boot_flash_init, Delta
B -    195718 - sbl1_ddr_set_default_params, Start
D -         0 - sbl1_ddr_set_default_params, Delta
B -    203709 - boot_config_data_table_init, Start
D -    137616 - boot_config_data_table_init, Delta - (60 Bytes)
B -    345839 - CDT Version:3,Platform ID:10,Major ID:1,Minor ID:0,Subtype:28
B -    350597 - Image Load, Start
D -     22204 - PMIC Image Loaded, Delta - (37464 Bytes)
B -    372801 - pm_device_init, Start
B -    378596 - PON REASON:PM0:0xa0 PM1:0xa0
B -    415471 - PM_SET_VAL:Skip
D -     40534 - pm_device_init, Delta
B -    417392 - pm_driver_init, Start
D -      3019 - pm_driver_init, Delta
B -    423980 - pm_sbl_chg_init, Start
D -        91 - pm_sbl_chg_init, Delta
B -    430751 - vsense_init, Start
D -         0 - vsense_init, Delta
B -    438864 - Pre_DDR_clock_init, Start
D -       366 - Pre_DDR_clock_init, Delta
B -    444385 - ddr_initialize_device, Start
B -    448075 - 8996 v3.x detected, Max frequency = 1.8 GHz
B -    457652 - ddr_initialize_device, Delta
B -    457652 - DDR ID, Rank 0, Rank 1, 0xff, 0x600, 0x0
B -    461556 - Basic DDR tests done
B -    518561 - clock_init, Start
D -       244 - clock_init, Delta
B -    520574 - Image Load, Start
D -      5673 - QSEE Dev Config Image Loaded, Delta - (48152 Bytes)
B -    526826 - Image Load, Start
D -      5917 - APDP Image Loaded, Delta - (0 Bytes)
B -    535671 - usb: UFS Serial - 608d09e1
B -    540368 - usb: fedl, vbus_low
B -    543998 - Image Load, Start
D -     55571 - QSEE Image Loaded, Delta - (1704316 Bytes)
B -    599569 - Image Load, Start
D -       152 - SEC Image Loaded, Delta - (4096 Bytes)
B -    607133 - sbl1_efs_handle_cookies, Start
D -       213 - sbl1_efs_handle_cookies, Delta
B -    615642 - Image Load, Start
D -     14305 - QHEE Image Loaded, Delta - (262592 Bytes)
B -    629977 - Image Load, Start
D -     13786 - RPM Image Loaded, Delta - (223964 Bytes)
B -    643946 - Image Load, Start
D -      3813 - STI Image Loaded, Delta - (0 Bytes)
B -    651022 - Image Load, Start
D -     58895 - APPSBL Image Loaded, Delta - (882460 Bytes)
B -    709979 - SBL1, End
D -    629642 - SBL1, Delta
S - Flash Throughput, 102000 KB/s  (3167320 Bytes,  30761 us)
S - DDR Frequency, 1017 MHz
Android Bootloader - UART_DM Initialized!!!
[0] welcome to lk

[10] platform_init()
[10] target_init()
[10] RPM GLink Init
[10] Opening RPM Glink Port success
[10] Opening SSR Glink Port success
[20] Glink Connection between APPS and RPM established
[20] Glink Connection between APPS and RPM established
[40] UFS init success
[40] Serial No: 277010101071910397
[40] MAC Address: 00D0CA016DAA
[40] Qseecom Init Done in Appsbl version is 0x1001000
[50] secure app region addr=0x86600000 size=0x2200000[60] TZ App region notif returned with status:0 addr:86600000 size:35651584
[60] TZ App log region register returned with status:0 addr:91e2d000 size:4096
[70] Qseecom TZ Init Done in Appsbl
[90] Loading cmnlib done
[90] qseecom_start_app: Loading app keymaster for the first time'
[110] <8>keymaster64: KEYMASTER Init
[120] Not able to search the panel:
[120] panel_operating_mode=0x0
[120] Return value from recv_data: 14
[130] Return value from recv_data: 14
[140] Return value from recv_data: 14
[150] Return value from recv_data: 14
[230] ERROR: Splash image header invalid
[240] Config MIPI_VIDEO_PANEL.
[550] Turn on MIPI_VIDEO_PANEL.
[570] Video lane tested successfully
[680] pm8x41_get_is_cold_boot: cold boot
[680] Unable to locate /bootselect partition
[680] BootImage Header: 0
[680] boot_verifier: Device is in ORANGE boot state.
[690] Device is unlocked! Skipping verification...
[690] Loading (boot) image (56229888): start
[900] Loading (boot) image (56229888): done
[900] use_signed_kernel=1, is_unlocked=1, is_tampered=0.
[910] mdtp: metadata loaded
[910] mdtp: image set offset: 0x1000
[910] mdtp: image set width: 720, screen width: 480
[920] mdtp: image set height: 1280, screen height: 854
[920] mdtp: metadata loaded
[930] mdtp: mdtp_img loaded
[930] mdtp: is_test_mode: test mode is set to 1
[930] mdtp: read_metadata: SUCCESS
[950] creating boot verify keys detect thread
[1020] ERROR: Splash image header invalid
[1020] LK SEC APP Handle: 0x1
[1030] Return value from recv_data: 14
[1040] Return value from recv_data: 14
[1050] Return value from recv_data: 14
[1060] <8>keymaster64: cmd_id=SET_ROT begin
[1060] <8>keymaster64: Error: qsee_cfg_getpropval in get_enable_set_bandwidth failed for enable_set_bandwidth, ret_size = 0
[1070] <8>keymaster64: rot.data_length: 32
[1070] <8>keymaster64: cmd_id=SET_ROT done with ret: 0 time taken: 1
[1080] LK SEC APP Handle: 0x1
[1080] <8>keymaster64: cmd_id=GET_VERSION begin
[1100] <8>keymaster64: qsee_stor_device_init error ret: -14
[1100] <8>keymaster64: secboot device : 0
[1100] <8>keymaster64: cmd_id=GET_VERSION done with ret: 0 time taken: 11
[1110] <8>keymaster64: cmd_id=SET_BOOT_STATE begin
[1110] <8>keymaster64: is_unlocked: 1
[1120] <8>keymaster64: color: 1
[1120] <8>keymaster64: system_version: 90000
[1120] <8>keymaster64: system_security_level 201808
[1130] <8>keymaster64: cmd_id=SET_BOOT_STATE done with ret: 0 time taken: 1
[1140] Sending Root of Trust to trustzone: end
[1140] decompressing kernel image: start
[1440] decompressing kernel image: done
[1450] DTBO Overlay count start: 76128
[1450] ERROR: DTBO read is not valid
 DTB Overlay failed.
[1460] DTBO Overlay count done: 76376
[1460] Best match DTB tags 291/0000000a/0x0000001c/30001/20009/10013/0/0/93ad8ccb/5cc49
[1470] Using pmic info 0x20009/0x10013/0x0/0x0 for device 0x20009/0x10113/0x0/0x0
[1480] display kernel cmdline: mdss_mdp.panel=1:dsi:0:qcom,mdss_dsi_jd9161_fwvga_vid:1:none:cfg:dual_dsi
[1490] cmdline: console=ttyHSL0,115200,n8 androidboot.console=ttyHSL0 androidboot.hardware=qcom user_debug=31 msm_rtb.filter=0x237 ehci-hcd.park=3 lpm_levels.sleep_disabled=1 cma=32M@0-0xfffffffft
[1520] Property:dev found for sub node:vendor   property:/dev/block/platform/soc/7464900.sdhci/by-name/vendor
[1530] Updated vendor with new property /dev/block/platform/soc/624000.ufshc/by-name/vendor
[1540] Updating device tree: done
[1540] Turn off MIPI_VIDEO_PANEL.
[1540] Continuous splash enabled, keeping panel alive.
[1550] <8>keymaster64: cmd_id=MILESTONE_CALL begin
[1550] <8>keymaster64: cmd_id=MILESTONE_CALL done with ret: 0 time taken: 1
[1560] Success [1560] Return value from recv_data: 14
[1570] RPM GLINK UnInit
[1570] Qseecom De-Init Done in Appsbl
[1570] booting linux @ 0x80080000, ramdisk @ 0x82200000 (0), tags/device tree @ 0x82000000
[1580] Jumping to kernel via monitor
[    0.000000] Initializing cgroup subsys cpu
[    0.000000] Initializing cgroup subsys cpuacct
[    0.000000] Linux version 3.18.120-g633bbeaf1917 (jenkins@jenkins) (gcc version 4.9.x 20150123 (prerelease) (GCC) ) #1 SMP PREEMPT Wed Dec 5 02:41:08 PST 2018
[    0.000000] Boot CPU: AArch64 Processor [511f2112]
[    0.000000] Machine: Qualcomm Technologies, Inc. APQ8096v3 + PMI8996 Open-Q-u820
[    0.000000] WLAN init with mac address: 00D0CA016DAA
[    0.000000] WLAN convert to 00:d0:ca:01:6d:aa
[    0.000000] efi: Getting EFI parameters from FDT:
[    0.000000] efi: UEFI not found.
[    0.000000] Reserved memory: reserved region for node 'removed_regions@85800000': base 0x0000000085800000, size 48 MiB
[    0.000000] Reserved memory: reserved region for node 'peripheral_region@8ea00000': base 0x000000008ea00000, size 45 MiB
[    0.000000] Reserved memory: reserved region for node 'modem_region@88800000': base 0x0000000088800000, size 98 MiB
[    0.000000] Reserved memory: reserved region for node 'dfps_data_mem@83400000': base 0x0000000083400000, size 0 MiB
[    0.000000] Reserved memory: reserved region for node 'cont_splash_mem@83401000': base 0x0000000083401000, size 35 MiB
[    0.000000] Reserved memory: reserved region for node 'cont_splash_mem_hdmi@b1c00000': base 0x00000000b1c00000, size 35 MiB
[    0.000000] Removed memory: created DMA memory pool at 0x0000000085800000, size 48 MiB
[    0.000000] Reserved memory: initialized node removed_regions@85800000, compatible id removed-dma-pool
[    0.000000] Removed memory: created DMA memory pool at 0x000000008ea00000, size 45 MiB
[    0.000000] Reserved memory: initialized node peripheral_region@8ea00000, compatible id removed-dma-pool
[    0.000000] Reserved memory: allocated memory for 'adsp_region' node: base 0x00000000ff800000, size 4 MiB
[    0.000000] Reserved memory: created CMA memory pool at 0x00000000ff800000, size 4 MiB
[    0.000000] Reserved memory: initialized node adsp_region, compatible id shared-dma-pool
[    0.000000] Reserved memory: allocated memory for 'qseecom_region' node: base 0x00000000fe400000, size 20 MiB
[    0.000000] Reserved memory: created CMA memory pool at 0x00000000fe400000, size 20 MiB
[    0.000000] Reserved memory: initialized node qseecom_region, compatible id shared-dma-pool
[    0.000000] Reserved memory: allocated memory for 'secure_region' node: base 0x00000000f8800000, size 92 MiB
[    0.000000] Reserved memory: created CMA memory pool at 0x00000000f8800000, size 92 MiB
[    0.000000] Reserved memory: initialized node secure_region, compatible id shared-dma-pool
[    0.000000] Removed memory: created DMA memory pool at 0x0000000088800000, size 98 MiB
[    0.000000] Reserved memory: initialized node modem_region@88800000, compatible id removed-dma-pool
[    0.000000] cma: Reserved 32 MiB at 0x00000000f6800000
[    0.000000] kmemleak: Kernel memory leak detector disabled
[    0.000000] psci: probing for conduit method from DT.
[    0.000000] psci: PSCIv1.0 detected in firmware.
[    0.000000] psci: Using standard PSCI v0.2 function IDs
[    0.000000] psci: Initializing psci_cpu_init
[    0.000000] psci: Initializing psci_cpu_init
[    0.000000] psci: Initializing psci_cpu_init
[    0.000000] PERCPU: Embedded 15 pages/cpu @ffffffc0b5dc4000 s23296 r8192 d29952 u61440
[    0.000000] Detected PIPT I-cache on CPU0
[    0.000000] Built 1 zonelists in Zone order, mobility grouping on.  Total pages: 700393
[    0.000000] Kernel command line: sched_enable_hmp=1 sched_enable_power_aware=1 app_setting.use_32bit_app_setting=1 kpti=1 console=ttyHSL0,115200,n8 androidboot.console=ttyHSL0 androidboot.hard8
[    0.000000] log_buf_len individual max cpu contribution: 32768 bytes
[    0.000000] log_buf_len total cpu_extra contributions: 98304 bytes
[    0.000000] log_buf_len min size: 131072 bytes
[    0.000000] log_buf_len: 262144 bytes
[    0.000000] early log buf free: 125896(96%)
[    0.000000] PID hash table entries: 4096 (order: 3, 32768 bytes)
[    0.000000] Dentry cache hash table entries: 524288 (order: 10, 4194304 bytes)
[    0.000000] Inode-cache hash table entries: 262144 (order: 9, 2097152 bytes)
[    0.000000] Memory: 2523324K/2927360K available (14564K kernel code, 2603K rwdata, 7944K rodata, 628K init, 2872K bss, 252484K reserved, 151552K cma-reserved)
[    0.000000] Virtual kernel memory layout:
[    0.000000]     vmalloc : 0xffffff8000000000 - 0xffffffba3fff0000   (   232 GB)
[    0.000000]     vmemmap : 0xffffffba40000000 - 0xffffffbfc0000000   (    22 GB maximum)
[    0.000000]               0xffffffba40000000 - 0xffffffba4830b400   (   131 MB actual)
[    0.000000]     PCI I/O : 0xffffffbffa000000 - 0xffffffbffb000000   (    16 MB)
[    0.000000]     fixed   : 0xffffffbffbdfb000 - 0xffffffbffbdff000   (    16 KB)
[    0.000000]     modules : 0xffffffbffc000000 - 0xffffffc000000000   (    64 MB)
[    0.000000]     memory  : 0xffffffc000000000 - 0xffffffc0be9c0000   (  3049 MB)
[    0.000000]       .init : 0xffffffc001688000 - 0xffffffc001725000   (   628 KB)
[    0.000000]       .text : 0xffffffc000080000 - 0xffffffc000ebb330   ( 14573 KB)
[    0.000000]       .data : 0xffffffc001751000 - 0xffffffc0019dbc00   (  2603 KB)
[    0.000000] SLUB: HWalign=128, Order=0-3, MinObjects=0, CPUs=4, Nodes=1
[    0.000000] HMP scheduling enabled.
[    0.000000] Preemptible hierarchical RCU implementation.
[    0.000000]  RCU dyntick-idle grace-period acceleration is enabled.
[    0.000000]  RCU restricting CPUs from NR_CPUS=8 to nr_cpu_ids=4.
[    0.000000] RCU: Adjusting geometry for rcu_fanout_leaf=16, nr_cpu_ids=4
[    0.000000]
[    0.000000] **********************************************************
[    0.000000] **   NOTICE NOTICE NOTICE NOTICE NOTICE NOTICE NOTICE   **
[    0.000000] **                                                      **
[    0.000000] ** trace_printk() being used. Allocating extra memory.  **
[    0.000000] **                                                      **
[    0.000000] ** This means that this is a DEBUG kernel and it is     **
[    0.000000] ** unsafe for produciton use.                           **
[    0.000000] **                                                      **
[    0.000000] ** If you see this message and you are not debugging    **
[    0.000000] ** the kernel, report this immediately to your vendor!  **
[    0.000000] **                                                      **
[    0.000000] **   NOTICE NOTICE NOTICE NOTICE NOTICE NOTICE NOTICE   **
[    0.000000] **********************************************************
[    0.000000] NR_IRQS:64 nr_irqs:64 0
[    0.000000] CPU0: found redistributor 0 region 0:0x0000000009c00000
[    0.000000] mpm_init_irq_domain(): Cannot find irq controller for qcom,gpio-parent
[    0.000000] MPM 1 irq mapping errored -517
[    0.000000] Architected cp15 and mmio timer(s) running at 19.20MHz (virt/virt).
[    0.000005] sched_clock: 56 bits at 19MHz, resolution 52ns, wraps every 3579139424256ns
[    0.000029] Switched to clocksource arch_sys_counter
[    0.001581] Calibrating delay loop (skipped), value calculated using timer frequency.. 38.40 BogoMIPS (lpj=192000)
[    0.001609] pid_max: default: 32768 minimum: 301
[    0.001832] Security Framework initialized
[    0.001865] SELinux:  Initializing.
[    0.002101] Mount-cache hash table entries: 8192 (order: 4, 65536 bytes)
[    0.002174] Mountpoint-cache hash table entries: 8192 (order: 4, 65536 bytes)
[    0.003374] Initializing cgroup subsys freezer
[    0.003402] Initializing cgroup subsys debug
[    0.004135] /cpus/cpu@0: Unknown CPU type
[    0.004159] /cpus/cpu@1: Unknown CPU type
[    0.004180] /cpus/cpu@100: Unknown CPU type
[    0.004204] /cpus/cpu@101: Unknown CPU type
[    0.004259] hw perfevents: enabled with arm/armv8-pmuv3 PMU driver, 9 counters available
[    0.004327] EFI services will not be available.
[    0.004359] ASID allocator initialised with 32768 entries
[    0.024570] MSM Memory Dump base table set up
[    0.024631] MSM Memory Dump apps data table set up
[    0.024678] hyp_assign_table is not functional as qcom_secure_mem is not allocated.
[    0.028095] clock-cpu-8996: configuring clocks for the perf cluster
[    0.028348] cpu_clock_8996_early_init: finished CPU clock configuration
[    0.039538] Detected PIPT I-cache on CPU1
[    0.039575] CPU1: found redistributor 1 region 0:0x0000000009c40000
[    0.039642] CPU1: Booted secondary processor [511f2112]
[    0.049335] Detected PIPT I-cache on CPU2
[    0.049417] CPU2: found redistributor 100 region 0:0x0000000009c80000
[    0.049564] CPU2: Booted secondary processor [511f2052]
[    0.059238] Detected PIPT I-cache on CPU3
[    0.059264] CPU3: found redistributor 101 region 0:0x0000000009cc0000
[    0.059306] CPU3: Booted secondary processor [511f2052]
[    0.059586] Brought up 4 CPUs
[    0.059634] SMP: Total of 4 processors activated.
[    0.059649] CPU features: detected feature: GIC system register CPU interface
[    0.059664] CPU features: kernel page table isolation forced ON by command line option
[    0.059730] CPU features: L1_CACHE_BYTES smaller than the Cache Writeback Granule (64 < 128)
[    0.059814] alternatives: patching kernel code
[    0.066039] DMI not present or invalid.
[    0.247693] pinctrl core: initialized pinctrl subsystem
[    0.248803] regulator-dummy: no parameters
[    0.571497] NET: Registered protocol family 16
[    0.590190] cpuidle: using governor ladder
[    0.680130] cpuidle: using governor menu
[    0.700180] cpuidle: using governor qcom
[    0.701516] vdso: 2 pages (1 code @ ffffffc000ec0000, 1 data @ ffffffc001758000)
[    0.701646] hw-breakpoint: found 8 breakpoint and 4 watchpoint registers.
[    0.707838] software IO TLB [mem 0xffc00000-0x100000000] (4MB) mapped at [ffffffc07fc00000-ffffffc07fffffff]
[    0.722528] DMA: preallocated 256 KiB pool for atomic allocations
[    0.736561] irq: no irq domain found for /soc/qcom,sde_kms@900000 !
[    0.737111] irq: no irq domain found for /soc/qcom,sde_kms@900000 !
[    0.738535] irq: no irq domain found for /soc/qcom,sde_kms@900000 !
[    0.769682] qcom,msm-apm 99e0000.apm: overriding clock sources across APM switch
[    0.772528] sps:sps is ready.
[    0.777393] irq: no irq domain found for /soc/pinctrl@01010000 !
[    0.782429] cpu-clock-8996 6400000.qcom,cpu-clock-8996: resources init failed
[    0.930332] smd_channel_probe_now: allocation table not initialized
[    0.931143] smd_channel_probe_now: allocation table not initialized
[    0.931959] smd_channel_probe_now: allocation table not initialized
[    0.932756] smd_channel_probe_now: allocation table not initialized
[    0.933484] msm_watchdog 9830000.qcom,wdt: wdog absent resource not present
[    0.934083] msm_watchdog 9830000.qcom,wdt: MSM Watchdog Initialized
[    0.935851] msm-jtag-fuse 7602c.jtagfuse: JTag Fuse initialized
[    0.936417] msm_rpm_dev_probe: APSS-RPM communication over GLINK
[    0.964028] spmi_pmic_arb 400f000.qcom,spmi: PMIC Arb Version-2 0x20010000
[    0.966805] spmi_pmic_arb 400f000.qcom,spmi: missing property: qcom,pmic-arb-max-periph-interrupts
[    0.983923] pmi8994_s2: 400 <--> 1015 mV at 1000 mV normal idle
[    0.985299] platform 9300000.qcom,lpass: assigned reserved memory node peripheral_region@8ea00000
[    0.986396] platform ce0000.qcom,venus: assigned reserved memory node peripheral_region@8ea00000
[    0.988439] platform 1c00000.qcom,ssc: assigned reserved memory node peripheral_region@8ea00000
[    0.989838] platform 2080000.qcom,mss: assigned reserved memory node modem_region@88800000
[    0.996264] msm-thermal 70000.qcom,msm-thermal: msm_thermal:Failed reading node=/soc/qcom,msm-thermal, key=qcom,rpm-phase-resource-type err=-22. KTM continues
[    0.996297] msm-thermal 70000.qcom,msm-thermal: msm_thermal:Failed reading node=/soc/qcom,msm-thermal, key=qcom,gfx-sensor-id. err=-22. KTM continues
[    0.996336] msm-thermal 70000.qcom,msm-thermal: probe_vdd_mx:Failed reading node=/soc/qcom,msm-thermal, key=qcom,mx-restriction-temp. KTM continues
[    0.996357] msm-thermal 70000.qcom,msm-thermal: probe_psm:Failed reading node=/soc/qcom,msm-thermal, key=qcom,pmic-sw-mode-temp. err=-22. KTM continues
[    0.996544] msm_thermal:vdd_restriction_reg_init Defer regulator vdd-dig probe
[    0.996559] msm_thermal:probe_vdd_rstr Err regulator init. err:-517. KTM continues.
[    0.996576] msm-thermal 70000.qcom,msm-thermal: probe_vdd_rstr:Failed reading node=/soc/qcom,msm-thermal, key=qcom,max-freq-level. err=-517. KTM continues
[    0.996593] msm_thermal:msm_thermal_dev_probe Failed reading node=/soc/qcom,msm-thermal, key=qcom,online-hotplug-core. err:-517
[    1.012507] platform soc:qcom,msm-adsprpc-mem: assigned reserved memory node adsp_region
[    1.013492] platform soc:qcom,msm-mdsprpc-mem: assigned reserved memory node adsp_region
[    1.024556] smd_channel_probe_now: allocation table not initialized
[    1.025273] msm_rpm_trans_notify_state: glink config params: transport=(null), edge=rpm, name=rpm_requests
[    1.027411] msm_cache_erp64 6500000.qcom,cache_erp64: Registering for L1 error interrupts
[    1.027656] msm_cache_erp64 6500000.qcom,cache_erp64: Registering for L2 error interrupts
[    1.028208] msm_cache_erp64 6500000.qcom,cache_erp64: Registering for L3 error interrupts
[    1.028994] msm_m4m_erp 9a40000.qcom,m4m_erp64: Registering for M4M error interrupts
[    1.035225] apc0_pwrcl_mem_acc_corner: 0 <--> 0 mV
[    1.036449] apc1_perfcl_mem_acc_corner: 0 <--> 0 mV
[    1.037678] apcc_l3_mem_acc_corner: 0 <--> 0 mV
[    1.038878] gfx_mem_acc_corner: 0 <--> 0 mV
[    1.040372] kryo0-retention: 468 <--> 892 mV at 520 mV
[    1.041073] kryo0: 468 <--> 892 mV at 754 mV
[    1.041618] kryo_regulator_probe: kryo0: default LDO functional volt=754021 uV, LDO retention volt=521789 uV, Vref func=325285 + 4466*(val), cluster-num=0
[    1.042600] kryo1-retention: 468 <--> 892 mV at 520 mV
[    1.043344] kryo1: 468 <--> 892 mV at 754 mV
[    1.043831] kryo_regulator_probe: kryo1: default LDO functional volt=754021 uV, LDO retention volt=521789 uV, Vref func=325285 + 4466*(val), cluster-num=1
[    1.056657] platform soc:qcom,kgsl-hyp: assigned reserved memory node peripheral_region@8ea00000
[    1.060677] msm_mpm_dev_probe(): Cannot get clk resource for XO: -517
[    1.116800] __of_mpm_init(): MPM driver mapping exists
[    1.120780] cpu-clock-8996 6400000.qcom,cpu-clock-8996: resources init failed
[    1.123284] pm8994_s1_corner: 0 <--> 0 mV at 0 mV normal idle
[    1.124745] pm8994_s1_floor_corner: 0 <--> 0 mV at 0 mV normal idle
[    1.126160] pm8994_s1_corner_ao: 0 <--> 0 mV at 0 mV normal idle
[    1.127723] pm8994_s2_corner: 0 <--> 0 mV at 0 mV normal idle
[    1.129076] pm8994_s2_corner_ao: 0 <--> 0 mV at 0 mV normal idle
[    1.130761] pm8994_s3: 1300 mV normal idle
[    1.132341] pm8994_s4: 1800 mV normal idle
[    1.133936] pm8994_s5: 2150 mV normal idle
[    1.135505] pm8994_s7: 800 mV normal idle
[    1.137057] pm8994_l1: 1000 mV normal idle
[    1.138639] pm8994_l2: 1250 mV normal idle
[    1.140866] pm8994_l3: 850 mV normal idle
[    1.142432] pm8994_l4: 1225 mV normal idle
[    1.144079] pm8994_l6: 1200 mV normal idle
[    1.145616] pm8994_l8: 1800 mV normal idle
[    1.147205] pm8994_l9: 1800 mV normal idle
[    1.148754] pm8994_l10: 1800 mV normal idle
[    1.150385] pm8994_l11: 1150 mV normal idle
[    1.152020] pm8994_l12: 1800 mV normal idle
[    1.154161] pm8994_l13: 1800 <--> 2950 mV at 2950 mV normal idle
[    1.155724] pm8994_l14: 1800 mV normal idle
[    1.157841] pm8994_l15: 1800 mV normal idle
[    1.159808] pm8994_l16: 2700 mV normal idle
[    1.161516] pm8994_l17: 2500 mV normal idle
[    1.163081] pm8994_l18: 2700 <--> 2900 mV at 2700 mV normal idle
[    1.164457] pm8994_l18_pin_ctrl: 2700 <--> 2900 mV at 2700 mV normal idle
[    1.166770] pm8994_l19: 2800 mV normal idle
[    1.168412] pm8994_l20: 2950 mV normal idle
[    1.169924] pm8994_l21: 2950 mV normal idle
[    1.171647] pm8994_l22: 3000 mV normal idle
[    1.173220] pm8994_l23: 2800 mV normal idle
[    1.174811] pm8994_l24: 3075 mV normal idle
[    1.176405] pm8994_l25: 1200 mV normal idle
[    1.178509] pm8994_l26_corner: 0 <--> 0 mV at 0 mV normal idle
[    1.179936] pm8994_l26_floor_corner: 0 <--> 0 mV at 0 mV normal idle
[    1.181639] pm8994_l27: 1000 mV normal idle
[    1.183189] pm8994_l28: 925 mV normal idle
[    1.185357] pm8994_l29: 2800 mV normal idle
[    1.186972] pm8994_l30: 1800 mV normal idle
[    1.188572] pm8994_l32: 1800 mV normal idle
[    1.190208] pm8994_lvs1: no parameters
[    1.191616] pm8994_lvs2: no parameters
[    1.193077] pmi8994_s1: 1025 mV normal idle
[    1.194655] pmi8994_boostbypass: 3150 <--> 3600 mV at 3150 mV normal idle
[    1.195753] pm8994_s11: 470 <--> 1140 mV at 905 mV normal idle
[    1.196678] pm8994_s11_avs_limit: 470 <--> 1140 mV
[    1.197079] spm_regulator_probe: name=pm8994_s11, range=LV, voltage=905000 uV, mode=AUTO, step rate=2400 uV/us
[    1.198540] msm-thermal 70000.qcom,msm-thermal: msm_thermal:Failed reading node=/soc/qcom,msm-thermal, key=qcom,rpm-phase-resource-type err=-22. KTM continues
[    1.198571] msm-thermal 70000.qcom,msm-thermal: msm_thermal:Failed reading node=/soc/qcom,msm-thermal, key=qcom,gfx-sensor-id. err=-22. KTM continues
[    1.198588] msm_thermal:sensor_mgr_init_threshold threshold id already initialized
[    1.198611] msm-thermal 70000.qcom,msm-thermal: probe_vdd_mx:Failed reading node=/soc/qcom,msm-thermal, key=qcom,mx-restriction-temp. KTM continues
[    1.198632] msm-thermal 70000.qcom,msm-thermal: probe_psm:Failed reading node=/soc/qcom,msm-thermal, key=qcom,pmic-sw-mode-temp. err=-22. KTM continues
[    1.199442] msm_thermal:vdd_restriction_reg_init Defer regulator vdd-gfx probe
[    1.199462] msm_thermal:probe_vdd_rstr Err regulator init. err:-517. KTM continues.
[    1.199484] msm-thermal 70000.qcom,msm-thermal: probe_vdd_rstr:Failed reading node=/soc/qcom,msm-thermal, key=qcom,max-freq-level. err=-517. KTM continues
[    1.199502] msm_thermal:msm_thermal_dev_probe Failed reading node=/soc/qcom,msm-thermal, key=qcom,online-hotplug-core. err:-517
[    1.201039] msm_mpm_dev_probe(): Cannot get clk resource for XO: -517
[    1.201865] cpu-clock-8996 6400000.qcom,cpu-clock-8996: resources init failed
[    1.265184] qcom,gcc-8996 300000.qcom,gcc: Registered GCC clocks.
[    1.266985] vfe0_clk_src: set OPP pair(75000000 Hz: 3 uV) on a10000.qcom,vfe0
[    1.267020] vfe0_clk_src: set OPP pair(320000000 Hz: 5 uV) on a10000.qcom,vfe0
[    1.267047] vfe0_clk_src: set OPP pair(600000000 Hz: 7 uV) on a10000.qcom,vfe0
[    1.267506] vfe1_clk_src: set OPP pair(75000000 Hz: 3 uV) on a14000.qcom,vfe1
[    1.267536] vfe1_clk_src: set OPP pair(320000000 Hz: 5 uV) on a14000.qcom,vfe1
[    1.267560] vfe1_clk_src: set OPP pair(600000000 Hz: 7 uV) on a14000.qcom,vfe1
[    1.268079] cpp_clk_src: set OPP pair(100000000 Hz: 3 uV) on a04000.qcom,cpp
[    1.268111] cpp_clk_src: set OPP pair(480000000 Hz: 5 uV) on a04000.qcom,cpp
[    1.268129] cpp_clk_src: set OPP pair(640000000 Hz: 7 uV) on a04000.qcom,cpp
[    1.303217] qcom,mmsscc-8996 8c0000.qcom,mmsscc: Registered MMSS clocks.
[    1.306874] msm-thermal 70000.qcom,msm-thermal: msm_thermal:Failed reading node=/soc/qcom,msm-thermal, key=qcom,rpm-phase-resource-type err=-22. KTM continues
[    1.306903] msm-thermal 70000.qcom,msm-thermal: msm_thermal:Failed reading node=/soc/qcom,msm-thermal, key=qcom,gfx-sensor-id. err=-22. KTM continues
[    1.306920] msm_thermal:sensor_mgr_init_threshold threshold id already initialized
[    1.306942] msm-thermal 70000.qcom,msm-thermal: probe_vdd_mx:Failed reading node=/soc/qcom,msm-thermal, key=qcom,mx-restriction-temp. KTM continues
[    1.306963] msm-thermal 70000.qcom,msm-thermal: probe_psm:Failed reading node=/soc/qcom,msm-thermal, key=qcom,pmic-sw-mode-temp. err=-22. KTM continues
[    1.307336] msm_thermal:vdd_restriction_reg_init Defer regulator vdd-gfx probe
[    1.307351] msm_thermal:probe_vdd_rstr Err regulator init. err:-517. KTM continues.
[    1.307369] msm-thermal 70000.qcom,msm-thermal: probe_vdd_rstr:Failed reading node=/soc/qcom,msm-thermal, key=qcom,max-freq-level. err=-517. KTM continues
[    1.307386] msm_thermal:msm_thermal_dev_probe Failed reading node=/soc/qcom,msm-thermal, key=qcom,online-hotplug-core. err:-517
[    1.308695] cpr3_msm8996_hmss_read_fuse_data: apc0_pwrcl_corner: speed bin = 0
[    1.308712] cpr3_msm8996_hmss_read_fuse_data: apc0_pwrcl_corner: CPR fusing revision = 6
[    1.308726] cpr3_msm8996_hmss_read_fuse_data: apc0_pwrcl_corner: using redundant fuses = N
[    1.308739] cpr3_msm8996_hmss_read_fuse_data: apc0_pwrcl_corner: CPR limitation = none
[    1.308752] cpr3_msm8996_hmss_read_fuse_data: apc0_pwrcl_corner: CPR partial binning limitation = none
[    1.308768] cpr3_msm8996_hmss_read_fuse_data: apc0_pwrcl_corner: Retention voltage fuses: VDD_MX = 4, VDD_APCC = 4
[    1.309232] cpr3_hmss_kvreg_init: apc0_pwrcl_corner: LDO min headroom=150000 uV, LDO max headroom=470000 uV, LDO adj=0 uV, LDO mode=allowed, LDO retention=490000 uV
[    1.309611] cpr3_msm8996_hmss_calculate_open_loop_voltages: apc0_pwrcl_corner: fused MinSVS: open-loop= 605000 uV
[    1.309626] cpr3_msm8996_hmss_calculate_open_loop_voltages: apc0_pwrcl_corner: fused    SVS: open-loop= 695000 uV
[    1.309639] cpr3_msm8996_hmss_calculate_open_loop_voltages: apc0_pwrcl_corner: fused    NOM: open-loop= 805000 uV
[    1.309652] cpr3_msm8996_hmss_calculate_open_loop_voltages: apc0_pwrcl_corner: fused  TURBO: open-loop= 920000 uV
[    1.309816] cpr3_msm8996_hmss_calculate_target_quotients: apc0_pwrcl_corner: fused MinSVS: quot[ 7]= 337
[    1.309831] cpr3_msm8996_hmss_calculate_target_quotients: apc0_pwrcl_corner: fused    SVS: quot[ 7]= 497, quot_offset[ 7]= 120
[    1.309844] cpr3_msm8996_hmss_calculate_target_quotients: apc0_pwrcl_corner: fused    NOM: quot[ 7]= 718, quot_offset[ 7]= 220
[    1.309857] cpr3_msm8996_hmss_calculate_target_quotients: apc0_pwrcl_corner: fused  TURBO: quot[ 7]= 928, quot_offset[ 7]= 210
[    1.310246] cpr3_msm8996_hmss_read_fuse_data: apc0_cbf_corner: speed bin = 0
[    1.310261] cpr3_msm8996_hmss_read_fuse_data: apc0_cbf_corner: CPR fusing revision = 6
[    1.310274] cpr3_msm8996_hmss_read_fuse_data: apc0_cbf_corner: using redundant fuses = N
[    1.310288] cpr3_msm8996_hmss_read_fuse_data: apc0_cbf_corner: CPR limitation = none
[    1.310301] cpr3_msm8996_hmss_read_fuse_data: apc0_cbf_corner: CPR partial binning limitation = none
[    1.310315] cpr3_msm8996_hmss_read_fuse_data: apc0_cbf_corner: Retention voltage fuses: VDD_MX = 4, VDD_APCC = 4
[    1.310543] cpr3_msm8996_hmss_calculate_open_loop_voltages: apc0_cbf_corner: fused MinSVS: open-loop= 605000 uV
[    1.310556] cpr3_msm8996_hmss_calculate_open_loop_voltages: apc0_cbf_corner: fused    SVS: open-loop= 695000 uV
[    1.310568] cpr3_msm8996_hmss_calculate_open_loop_voltages: apc0_cbf_corner: fused    NOM: open-loop= 805000 uV
[    1.310580] cpr3_msm8996_hmss_calculate_open_loop_voltages: apc0_cbf_corner: fused  TURBO: open-loop= 920000 uV
[    1.310664] cpr3_msm8996_hmss_calculate_target_quotients: apc0_cbf_corner: fused MinSVS: quot[ 7]= 337
[    1.310678] cpr3_msm8996_hmss_calculate_target_quotients: apc0_cbf_corner: fused    SVS: quot[ 7]= 497, quot_offset[ 7]= 120
[    1.310692] cpr3_msm8996_hmss_calculate_target_quotients: apc0_cbf_corner: fused    NOM: quot[ 7]= 718, quot_offset[ 7]= 220
[    1.310704] cpr3_msm8996_hmss_calculate_target_quotients: apc0_cbf_corner: fused  TURBO: quot[ 7]= 928, quot_offset[ 7]= 210
[    1.310926] cpr3_msm8996_hmss_read_fuse_data: apc1_corner: speed bin = 0
[    1.310940] cpr3_msm8996_hmss_read_fuse_data: apc1_corner: CPR fusing revision = 6
[    1.310953] cpr3_msm8996_hmss_read_fuse_data: apc1_corner: using redundant fuses = N
[    1.310966] cpr3_msm8996_hmss_read_fuse_data: apc1_corner: CPR limitation = none
[    1.310978] cpr3_msm8996_hmss_read_fuse_data: apc1_corner: CPR partial binning limitation = none
[    1.310993] cpr3_msm8996_hmss_read_fuse_data: apc1_corner: Retention voltage fuses: VDD_MX = 4, VDD_APCC = 4
[    1.311497] cpr3_hmss_kvreg_init: apc1_corner: LDO min headroom=150000 uV, LDO max headroom=470000 uV, LDO adj=0 uV, LDO mode=allowed, LDO retention=490000 uV
[    1.311954] cpr3_msm8996_hmss_calculate_open_loop_voltages: apc1_corner: fused MinSVS: open-loop= 595000 uV
[    1.311968] cpr3_msm8996_hmss_calculate_open_loop_voltages: apc1_corner: fused    SVS: open-loop= 665000 uV
[    1.311980] cpr3_msm8996_hmss_calculate_open_loop_voltages: apc1_corner: fused    NOM: open-loop= 725000 uV
[    1.311992] cpr3_msm8996_hmss_calculate_open_loop_voltages: apc1_corner: fused  TURBO: open-loop= 970000 uV
[    1.312203] cpr3_msm8996_hmss_calculate_target_quotients: apc1_corner: fused MinSVS: quot[ 7]= 320
[    1.312218] cpr3_msm8996_hmss_calculate_target_quotients: apc1_corner: fused    SVS: quot[ 7]= 438, quot_offset[ 7]=  80
[    1.312232] cpr3_msm8996_hmss_calculate_target_quotients: apc1_corner: fused    NOM: quot[ 7]= 559, quot_offset[ 7]= 120
[    1.312245] cpr3_msm8996_hmss_calculate_target_quotients: apc1_corner: fused  TURBO: quot[ 7]=1011, quot_offset[ 7]= 450
[    1.312944] cpr3_regulator_init_ctrl: apcc: Default CPR mode = SW closed-loop
[    1.313353] apc0_pwrcl_corner: 0 <--> 0 mV at 0 mV
[    1.314113] apc0_cbf_corner: 0 <--> 0 mV at 0 mV
[    1.318672] cpr3_regulator_measure_aging: apcc: average quotient delta=4 (count=10)
[    1.318717] cpr3_regulator_aging_adjust: apcc: aging measurement successful; aging reference adjustment voltage=625 uV
[    1.319647] apc1_corner: 0 <--> 0 mV at 0 mV
[    1.324281] cpr3_msm8996_mmss_read_fuse_data: gfx_corner: CPR fusing revision = 4
[    1.324302] cpr3_msm8996_mmss_read_fuse_data: gfx_corner: CPR limitation = none
[    1.324901] cpr3_msm8996_mmss_calculate_open_loop_voltages: gfx_corner: fuse_corner[0] open-loop= 660000 uV
[    1.324915] cpr3_msm8996_mmss_calculate_open_loop_voltages: gfx_corner: fuse_corner[1] open-loop= 715000 uV
[    1.324928] cpr3_msm8996_mmss_calculate_open_loop_voltages: gfx_corner: fuse_corner[2] open-loop= 825000 uV
[    1.324941] cpr3_msm8996_mmss_calculate_open_loop_voltages: gfx_corner: fuse_corner[3] open-loop= 905000 uV
[    1.325252] cpr3_regulator_init_ctrl: gfx: Default CPR mode = closed-loop
[    1.325687] gfx_corner: 0 <--> 0 mV at 0 mV
[    1.329580] cpu-clock-8996 6400000.qcom,cpu-clock-8996: using perf/pwr/cbf speed bin 0 and pvs_ver 0
[    1.335301] clock-cpu-8996: set OPP pair (307200000 Hz, 625000 uv) on cpu0
[    1.335445] clock-cpu-8996: set OPP pair (1593600000 Hz, 895000 uv) on cpu0
[    1.335497] clock-cpu-8996: set OPP pair (307200000 Hz, 625000 uv) on cpu1
[    1.335618] clock-cpu-8996: set OPP pair (1593600000 Hz, 895000 uv) on cpu1
[    1.335677] clock-cpu-8996: set OPP pair (307200000 Hz, 615000 uv) on cpu2
[    1.335874] clock-cpu-8996: set OPP pair (2150400000 Hz, 955000 uv) on cpu2
[    1.335920] clock-cpu-8996: set OPP pair (307200000 Hz, 615000 uv) on cpu3
[    1.336123] clock-cpu-8996: set OPP pair (2150400000 Hz, 955000 uv) on cpu3
[    1.336361] clock-cpu-8996: set OPP pair (307200000 Hz, 650000 uv) on soc:qcom,m4m
[    1.336522] clock-cpu-8996: set OPP pair (1593600000 Hz, 895000 uv) on soc:qcom,m4m
[    1.337386] qcom,gpucc-8996 8c0000.qcom,gpucc: using speed bin 0
[    1.338043] gfx3d_clk_src_v2: set OPP pair(133000000 Hz: 590000 uV) on b00000.qcom,kgsl-3d0
[    1.338109] gfx3d_clk_src_v2: set OPP pair(624000000 Hz: 905000 uV) on b00000.qcom,kgsl-3d0
[    1.341179] qcom,gpucc-8996 8c0000.qcom,gpucc: Registered GPU clocks.
[    1.342404] msm-thermal 70000.qcom,msm-thermal: msm_thermal:Failed reading node=/soc/qcom,msm-thermal, key=qcom,rpm-phase-resource-type err=-22. KTM continues
[    1.342432] msm-thermal 70000.qcom,msm-thermal: msm_thermal:Failed reading node=/soc/qcom,msm-thermal, key=qcom,gfx-sensor-id. err=-22. KTM continues
[    1.342450] msm_thermal:sensor_mgr_init_threshold threshold id already initialized
[    1.342471] msm-thermal 70000.qcom,msm-thermal: probe_vdd_mx:Failed reading node=/soc/qcom,msm-thermal, key=qcom,mx-restriction-temp. KTM continues
[    1.342493] msm-thermal 70000.qcom,msm-thermal: probe_psm:Failed reading node=/soc/qcom,msm-thermal, key=qcom,pmic-sw-mode-temp. err=-22. KTM continues
[    1.343075] msm_thermal:update_cpu_freq Unable to update policy for cpu:0. err:-19
[    1.343095] msm_thermal:update_cpu_freq Unable to update policy for cpu:2. err:-19
[    1.343112] msm_thermal:update_cpu_freq Unable to update policy for cpu:2. err:-19
[    1.343146] msm-thermal 70000.qcom,msm-thermal: probe_ocr:Failed reading node=/soc/qcom,msm-thermal, key=qcom,pmic-opt-curr-temp err:-22. KTM continues
[    1.345112] msm_thermal:update_cpu_freq Unable to update policy for cpu:0. err:-19
[    1.345134] msm_thermal:update_cpu_freq Unable to update policy for cpu:2. err:-19
[    1.345152] msm_thermal:update_cpu_freq Unable to update policy for cpu:2. err:-19
[    1.502972] KPI: Bootloader start count = 28137
[    1.502992] KPI: Bootloader end count = 80272
[    1.503005] KPI: Bootloader display count = 46701
[    1.503017] KPI: Bootloader load kernel count = 6775
[    1.503031] KPI: Kernel MPM timestamp = 210430
[    1.503042] KPI: Kernel MPM Clock frequency = 32768
[    1.503090] socinfo_print: v0.11, id=291, ver=3.1, raw_id=62, raw_ver=4, hw_plat=10, hw_plat_ver=65536
[    1.503090]  accessory_chip=0, hw_plat_subtype=28, pmic_model=65545, pmic_die_revision=131072 foundry_id=3 serial_number=727671321 num_pmics=2
[    1.503105] socinfo_print: A1279851D1585323
[    1.503862] gdsc_mmagic_bimc: no parameters
[    1.505651] usb_otg_vreg: no parameters
[    1.506558] wlan_en_vreg: no parameters
[    1.507871] vph_pwr: no parameters
[    1.508983] vgaarb: loaded
[    1.512314] SCSI subsystem initialized
[    1.514711] usbcore: registered new interface driver usbfs
[    1.514921] usbcore: registered new interface driver hub
[    1.515263] usbcore: registered new device driver usb
[    1.516080] soc:usb_nop_phy supply vcc not found, using dummy regulator
[    1.518723] i2c-msm-v2 75ba000.i2c: probing driver i2c-msm-v2
[    1.518931] AXI: msm_bus_scale_register_client(): msm_bus_scale_register_client: Bus driver not ready.
[    1.518950] i2c-msm-v2 75ba000.i2c: msm_bus_scale_register_client(mstr-id:84):0 (not a problem)
[    1.521271] kworker/u8:0 (61) used greatest stack depth: 14040 bytes left
[    1.521494] kworker/u8:0 (60) used greatest stack depth: 13816 bytes left
[    1.523655] i2c-msm-v2 757a000.i2c: probing driver i2c-msm-v2
[    1.523900] AXI: msm_bus_scale_register_client(): msm_bus_scale_register_client: Bus driver not ready.
[    1.523918] i2c-msm-v2 757a000.i2c: msm_bus_scale_register_client(mstr-id:86):0 (not a problem)
[    1.526053] i2c-msm-v2 75b5000.i2c: probing driver i2c-msm-v2
[    1.526288] AXI: msm_bus_scale_register_client(): msm_bus_scale_register_client: Bus driver not ready.
[    1.526306] i2c-msm-v2 75b5000.i2c: msm_bus_scale_register_client(mstr-id:84):0 (not a problem)
[    1.528296] i2c-msm-v2 75b6000.i2c: probing driver i2c-msm-v2
[    1.528531] AXI: msm_bus_scale_register_client(): msm_bus_scale_register_client: Bus driver not ready.
[    1.528548] i2c-msm-v2 75b6000.i2c: msm_bus_scale_register_client(mstr-id:84):0 (not a problem)
[    1.531413] media: Linux media interface: v0.10
[    1.531589] Linux video capture interface: v2.00
[    1.531711] pps_core: LinuxPPS API ver. 1 registered
[    1.531726] pps_core: Software ver. 5.3.6 - Copyright 2005-2007 Rodolfo Giometti <giometti@linux.it>
[    1.531794] PTP clock support registered
[    1.610607] cpufreq: driver msm up and running
[    1.611939] platform soc:qcom,ion:qcom,ion-heap@22: assigned reserved memory node adsp_region
[    1.612898] platform soc:qcom,ion:qcom,ion-heap@27: assigned reserved memory node qseecom_region
[    1.613936] platform soc:qcom,ion:qcom,ion-heap@10: assigned reserved memory node secure_region
[    1.615363] ION heap system created
[    1.615605] ION heap adsp created at 0x00000000ff800000 with size 400000
[    1.615660] ION heap qsecom created at 0x00000000fe400000 with size 1400000
[    1.615683] ION heap secure_display created at 0x00000000f8800000 with size 5c00000
[    1.615708] ION heap secure_heap created
[    1.617072] msm_bus_fabric_init_driver
[    1.619819] msm_bus_device 520000.ad-hoc-bus: Coresight support absent for bus: 5120
[    1.620791] msm_bus_device 520000.ad-hoc-bus: Coresight support absent for bus: 2049
[    1.626886] msm-bus-type fab-a0noc: Error: Failed to get regulator bus-gdsc:-517
[    1.626905] msm-bus-type fab-a0noc: Error: Failed to get regulator bus-a-gdsc:-517
[    1.638510] msm-bus-type slv-vmem-cfg: Error: Failed to get regulator node-gdsc:-517
[    1.640470] msm-bus-type slv-vmem: Error: Failed to get regulator node-gdsc:-517
[    1.653278] msm-bus-type fab-a0noc: Error: Failed to get regulator aggre0-snoc-axi-no-rate:-517
[    1.653298] msm-bus-type fab-a0noc: Error: Failed to get regulator aggre0-snoc-axi-no-rate:-517
[    1.653315] msm-bus-type fab-a0noc: Error: Failed to get regulator aggre0-snoc-axi-no-rate:-517
[    1.653516] msm-bus-type fab-mnoc: Error: Failed to get regulator mmagic-mdss-axi-no-rate:-517
[    1.653557] msm-bus-type fab-mnoc: Error: Failed to get regulator mmagic-mdss-axi-no-rate:-517
[    1.653594] msm-bus-type fab-mnoc: Error: Failed to get regulator mmagic-mdss-axi-no-rate:-517
[    1.653632] msm-bus-type fab-mnoc: Error: Failed to get regulator mmagic-mdss-axi-no-rate:-517
[    1.653669] msm-bus-type fab-mnoc: Error: Failed to get regulator mmagic-mdss-axi-no-rate:-517
[    1.653705] msm-bus-type fab-mnoc: Error: Failed to get regulator mmagic-mdss-axi-no-rate:-517
[    1.653742] msm-bus-type fab-mnoc: Error: Failed to get regulator mmagic-mdss-axi-no-rate:-517
[    1.659910] qcom,qpnp-power-on qpnp-power-on-2: PMIC@SID0 Power-on reason: Triggered from PON1 (secondary PMIC) and 'cold' boot
[    1.659932] qcom,qpnp-power-on qpnp-power-on-2: PMIC@SID0: Unknown power-off reason
[    1.660336] input: qpnp_pon as /devices/virtual/input/input0
[    1.661559] pon_spare_reg: no parameters
[    1.661746] qcom,qpnp-power-on qpnp-power-on-12: No PON config. specified
[    1.661800] qcom,qpnp-power-on qpnp-power-on-12: PMIC@SID2 Power-on reason: Triggered from PON1 (secondary PMIC) and 'cold' boot
[    1.661817] qcom,qpnp-power-on qpnp-power-on-12: PMIC@SID2: Unknown power-off reason
[    1.662083] PMIC@SID0: PM8994 v2.0 options: 0, 0, 2, 2
[    1.662217] PMIC@SID2: PMI8996 v1.1 options: 0, 0, 0, 0
[    1.663889] gdsc_mmagic_video: no parameters
[    1.664315] gdsc_mmagic_mdss: no parameters
[    1.664740] gdsc_mmagic_camss: no parameters
[    1.665207] gdsc_venus: no parameters
[    1.665251] gdsc_venus: supplied by gdsc_mmagic_video
[    1.665687] gdsc_venus_core0: fast normal
[    1.666103] gdsc_venus_core1: fast normal
[    1.666512] gdsc_camss_top: no parameters
[    1.666555] gdsc_camss_top: supplied by gdsc_mmagic_camss
[    1.666992] gdsc_vfe0: no parameters
[    1.667041] gdsc_vfe0: supplied by gdsc_camss_top
[    1.667484] gdsc_vfe1: no parameters
[    1.667526] gdsc_vfe1: supplied by gdsc_camss_top
[    1.667954] gdsc_mdss: no parameters
[    1.667997] gdsc_mdss: supplied by gdsc_mmagic_mdss
[    1.668576] gdsc_jpeg: no parameters
[    1.668619] gdsc_jpeg: supplied by gdsc_camss_top
[    1.669053] gdsc_cpp: no parameters
[    1.669096] gdsc_cpp: supplied by gdsc_camss_top
[    1.669511] gdsc_pcie_0: no parameters
[    1.669906] gdsc_pcie_1: no parameters
[    1.670362] gdsc_pcie_2: no parameters
[    1.670747] gdsc_usb30: no parameters
[    1.671128] gdsc_ufs: no parameters
[    1.671586] gdsc_fd: no parameters
[    1.671630] gdsc_fd: supplied by gdsc_camss_top
[    1.672031] gdsc_gpu: no parameters
[    1.672592] gdsc_gpu_gx: no parameters
[    1.672734] gdsc_gpu_gx: supplied by gfx_corner
[    1.673163] gdsc_hlos1_vote_aggre0_noc: no parameters
[    1.673539] gdsc_hlos1_vote_lpass_adsp: no parameters
[    1.673939] gdsc_hlos1_vote_lpass_core: no parameters
[    1.674325] gdsc_aggre0_noc: no parameters
[    1.675535] mdss_pll_probe: MDSS pll label = MDSS DSI 0 PLL
[    1.675548] mdss_pll_probe: mdss_pll_probe: label=MDSS DSI 0 PLL PLL SSC enabled
[    1.675573] mdss_pll_util_parse_dt_supply: : error reading ulp load. rc=-22
[    1.677809] dsi_pll_clock_register_8996: Registered DSI PLL ndx=0 clocks successfully
[    1.677869] mdss_pll_probe: MDSS pll label = MDSS DSI 1 PLL
[    1.677878] mdss_pll_probe: mdss_pll_probe: label=MDSS DSI 1 PLL PLL SSC enabled
[    1.677900] mdss_pll_util_parse_dt_supply: : error reading ulp load. rc=-22
[    1.679035] pll_is_pll_locked_8996: DSI PLL ndx=1 status=0 failed to Lock
[    1.680329] dsi_pll_clock_register_8996: Registered DSI PLL ndx=1 clocks successfully
[    1.680378] mdss_pll_probe: MDSS pll label = MDSS HDMI PLL
[    1.680386] mdss_pll_probe: Unable to get the cell-index rc=-22
[    1.680406] mdss_pll_util_parse_dt_supply: : error reading ulp load. rc=-22
[    1.680418] mdss_pll_util_parse_dt_supply: : error reading ulp load. rc=-22
[    1.680430] mdss_pll_util_parse_dt_supply: : error reading ulp load. rc=-22
[    1.784793] io-pgtable-fast: selftest: completed with 0 failures
[    1.808405] arm-smmu 1660000.arm,smmu-anoc1: found 4 context interrupt(s) but have 3 context banks. assuming 3 context interrupts.
[    1.811237] Advanced Linux Sound Architecture Driver Initialized.
[    1.812189] Bluetooth: ffffffc0b5217d08
[    1.812241] NET: Registered protocol family 31
[    1.812247] Bluetooth: ffffffc0b5217d08
[    1.812261] Bluetooth: ffffffc0b5217cd8Bluetooth: ffffffc0b5217cb8
[    1.812314] Bluetooth: ffffffc0b5217cc8[    1.812692] cfg80211: Calling CRDA to update world regulatory domain
[    1.812723] cfg80211: World regulatory domain updated:
[    1.812729] cfg80211:  DFS Master region: unset
[    1.812734] cfg80211:   (start_freq - end_freq @ bandwidth), (max_antenna_gain, max_eirp), (dfs_cac_time)
[    1.812742] cfg80211:   (2402000 KHz - 2472000 KHz @ 40000 KHz), (N/A, 2000 mBm), (N/A)
[    1.812747] cfg80211:   (2457000 KHz - 2482000 KHz @ 40000 KHz), (N/A, 2000 mBm), (N/A)
[    1.812753] cfg80211:   (2474000 KHz - 2494000 KHz @ 20000 KHz), (N/A, 2000 mBm), (N/A)
[    1.812759] cfg80211:   (5170000 KHz - 5250000 KHz @ 80000 KHz), (N/A, 2000 mBm), (N/A)
[    1.812764] cfg80211:   (5250000 KHz - 5330000 KHz @ 80000 KHz), (N/A, 2000 mBm), (N/A)
[    1.812769] cfg80211:   (5490000 KHz - 5710000 KHz @ 80000 KHz), (N/A, 2000 mBm), (N/A)
[    1.812775] cfg80211:   (5735000 KHz - 5835000 KHz @ 80000 KHz), (N/A, 2000 mBm), (N/A)
[    1.812780] cfg80211:   (57240000 KHz - 63720000 KHz @ 2160000 KHz), (N/A, 0 mBm), (N/A)
[    1.813137] pcie:pcie_init.
[    1.817061] 600000.qcom,pcie supply vreg-3.3 not found, using dummy regulator
[    1.820016] msm_pcie_get_resources: PCIe: RC0 can't get tcsr resource.
[    1.821586] 608000.qcom,pcie supply vreg-3.3 not found, using dummy regulator
[    1.824449] msm_pcie_get_resources: PCIe: RC1 can't get tcsr resource.
[    1.825859] 610000.qcom,pcie supply vreg-3.3 not found, using dummy regulator
[    1.829748] msm_pcie_get_resources: PCIe: RC2 can't get tcsr resource.
[    1.830429] msm_pcie_enable: PCIe: Assert the reset of endpoint of RC2.
[    1.835335] msm_pcie_enable: PCIe RC2 PHY is ready!
[    1.845475] msm_pcie_enable: PCIe: Release the reset of endpoint of RC2.
[    1.954403] msm_pcie_enable: PCIe: Assert the reset of endpoint of RC2.
[    1.954432] msm_pcie_enable: PCIe RC2 link initialization failed
[    1.956019] msm_pcie_enumerate: PCIe: failed to enable RC2.
[    1.956054] msm_pcie_probe: PCIe: RC2 is not enabled during bootup; it will be enumerated upon client request.
[    1.960760] ibb_reg: 4600 <--> 6000 mV at 5500 mV
[    1.961643] lab_reg: 4600 <--> 6000 mV at 5500 mV
[    1.963063] Switched to clocksource arch_sys_counter
[    2.072660] NET: Registered protocol family 2
[    2.074673] TCP established hash table entries: 32768 (order: 6, 262144 bytes)
[    2.076978] TCP bind hash table entries: 32768 (order: 8, 1048576 bytes)
[    2.077478] TCP: Hash tables configured (established 32768 bind 32768)
[    2.078173] TCP: reno registered
[    2.079025] UDP hash table entries: 2048 (order: 5, 196608 bytes)
[    2.079802] UDP-Lite hash table entries: 2048 (order: 5, 196608 bytes)
[    2.081008] NET: Registered protocol family 1
[    2.084916] kryo perfevents: CPU pmu for kryo-pmuv3 detected
[    2.096598] futex hash table entries: 1024 (order: 4, 65536 bytes)
[    2.096675] Initialise system trusted keyring
[    2.096839] audit: initializing netlink subsys (disabled)
[    2.097207] audit: type=2000 audit(2.089:1): initialized
[    2.124818] vmscan: error setting kswapd cpu affinity mask
[    2.140486] VFS: Disk quotas dquot_6.5.2
[    2.141010] Dquot-cache hash table entries: 512 (order 0, 4096 bytes)
[    2.149429] Registering sdcardfs 0.1
[    2.150329] fuse init (API version 7.23)
[    2.152016] pfk [pfk_init]: Driver initialized successfully
[    2.154078] cryptomgr_test (113) used greatest stack depth: 13304 bytes left
[    2.156760] Key type asymmetric registered
[    2.156791] Asymmetric key parser 'x509' registered
[    2.157393] Block layer SCSI generic (bsg) driver version 0.4 loaded (major 248)
[    2.157415] io scheduler noop registered
[    2.157424] io scheduler deadline registered
[    2.157918] io scheduler cfq registered (default)
[    2.180830] mdss_mdp_irq_clk_register: unable to get clk: lut_clk
[    2.183905] No change in context(0==0), skip
[    2.185246] mdss_mdp_pipe_addr_setup: type:0 ftchid:-1 xinid:0 num:0 rect:0 ndx:0x1 prio:0
[    2.185254] mdss_mdp_pipe_addr_setup: type:0 ftchid:-1 xinid:4 num:1 rect:0 ndx:0x2 prio:1
[    2.185260] mdss_mdp_pipe_addr_setup: type:0 ftchid:-1 xinid:8 num:2 rect:0 ndx:0x4 prio:2
[    2.185266] mdss_mdp_pipe_addr_setup: type:0 ftchid:-1 xinid:12 num:8 rect:0 ndx:0x100 prio:3
[    2.185320] mdss_mdp_pipe_addr_setup: type:1 ftchid:-1 xinid:1 num:3 rect:0 ndx:0x8 prio:4
[    2.185327] mdss_mdp_pipe_addr_setup: type:1 ftchid:-1 xinid:5 num:4 rect:0 ndx:0x10 prio:5
[    2.185333] mdss_mdp_pipe_addr_setup: type:1 ftchid:-1 xinid:9 num:5 rect:0 ndx:0x20 prio:6
[    2.185339] mdss_mdp_pipe_addr_setup: type:1 ftchid:-1 xinid:13 num:9 rect:0 ndx:0x200 prio:7
[    2.185373] mdss_mdp_pipe_addr_setup: type:2 ftchid:-1 xinid:2 num:6 rect:0 ndx:0x40 prio:8
[    2.185379] mdss_mdp_pipe_addr_setup: type:2 ftchid:-1 xinid:10 num:7 rect:0 ndx:0x80 prio:9
[    2.185415] mdss_mdp_pipe_addr_setup: type:3 ftchid:-1 xinid:7 num:10 rect:0 ndx:0x400 prio:0
[    2.185421] mdss_mdp_pipe_addr_setup: type:3 ftchid:-1 xinid:7 num:11 rect:0 ndx:0x800 prio:1
[    2.185431] mdss_mdp_parse_dt_handler: Error from prop qcom,mdss-pipe-sw-reset-off : u32 array read
[    2.185531] mdss_mdp_parse_dt_handler: Error from prop qcom,mdss-ib-factor-overlap : u32 array read
[    2.186323] xlog_status: enable:1, panic:1, dump:2
[    2.186806] OF: no ranges; cannot translate
[    2.186826] OF: no ranges; cannot translate
[    2.187773] OF: no ranges; cannot translate
[    2.187786] OF: no ranges; cannot translate
[    2.188090] OF: no ranges; cannot translate
[    2.188102] OF: no ranges; cannot translate
[    2.188423] OF: no ranges; cannot translate
[    2.188435] OF: no ranges; cannot translate
[    2.188907] mdss_mdp_probe: mdss version = 0x10070002, bootloader display is on, num 1, intf_sel=0x00000100
[    2.196742] mdss_smmu_probe: iommu v2 domain[0] mapping and clk register successful!
[    2.197195] mdss_smmu_probe: iommu v2 domain[1] mapping and clk register successful!
[    2.197613] mdss_smmu_probe: iommu v2 domain[2] mapping and clk register successful!
[    2.197982] mdss_smmu_probe: iommu v2 domain[3] mapping and clk register successful!
[    2.200550] mdss_dsi_get_dt_vreg_data: error reading ulp load. rc=-22
[    2.200578] mdss_dsi_get_dt_vreg_data: error reading ulp load. rc=-22
[    2.200595] mdss_dsi_get_dt_vreg_data: error reading ulp load. rc=-22
[    2.202832] mdss_dsi_ctrl_probe: DSI Ctrl name = MDSS DSI CTRL->0
[    2.203428] mdss_dsi_find_panel_of_node: cmdline:0:qcom,mdss_dsi_jd9161_fwvga_vid:1:none:cfg:dual_dsi panel_name:qcom,mdss_dsi_jd9161_fwvga_vid
[    2.203451] mdss_dsi_panel_init: Panel Name = JD9161 fwvga video mode dsi panel
[    2.203552] mdss_dsi_panel_timing_from_dt: found new timing "qcom,mdss_dsi_jd9161_fwvga_vid" (ffffffc0b5217288)
[    2.203573] mdss_dsi_parse_dcs_cmds: failed, key=qcom,mdss-dsi-post-panel-on-command
[    2.203580] mdss_dsi_parse_dcs_cmds: failed, key=qcom,mdss-dsi-timing-switch-command
[    2.203586] mdss_dsi_panel_get_dsc_cfg_np: cannot find dsc config node:
[    2.203658] mdss_dsi_parse_dcs_cmds: failed, key=qcom,mdss-dsi-idle-on-command
[    2.203665] mdss_dsi_parse_dcs_cmds: failed, key=qcom,mdss-dsi-idle-off-command
[    2.203681] mdss_dsi_parse_panel_features: ulps feature disabled
[    2.203688] mdss_dsi_parse_panel_features: ulps during suspend feature disabled
[    2.203695] mdss_dsi_parse_dms_config: dynamic switch feature enabled: 0
[    2.203710] mdss_dsi_parse_dcs_cmds: failed, key=qcom,mdss-dsi-lp-mode-on
[    2.203716] mdss_dsi_parse_dcs_cmds: failed, key=qcom,mdss-dsi-lp-mode-off
[    2.204114] mdss_dsi_get_dt_vreg_data: error reading ulp load. rc=-22
[    2.204130] mdss_dsi_get_dt_vreg_data: error reading ulp load. rc=-22
[    2.204448] mdss_dsi_parse_ctrl_params:4072 Unable to read qcom,display-id, data=0000000000000000,len=20
[    2.204584] msm_dss_get_res_byname: 'dsi_phy_regulator' resource not found
[    2.204609] mdss_dsi_retrieve_ctrl_resources+0x170/0x254->msm_dss_ioremap_byname: 'dsi_phy_regulator' msm_dss_get_res_byname failed
[    2.204615] mdss_dsi_retrieve_ctrl_resources: ctrl_base=ffffff800179c000 ctrl_size=400 phy_base=ffffff800179e400 phy_size=588
[    2.204928] dsi_panel_device_register: Continuous splash enabled
[    2.205672] mdss_register_panel: adding framebuffer device 994000.qcom,mdss_dsi_ctrl0
[    2.207452] mdss_dsi_ctrl_probe: Dsi Ctrl->0 initialized, DSI rev:0x10040001, PHY rev:0x2
[    2.209247] mdss_dsi_status_init: DSI status check interval:5000
[    2.211285] hdmi_tx_get_dt_data:4387 Unable to read qcom,display-id, data=0000000000000000,len=0
[    2.212408] hdmi_tx_init_resource: 'core_physical': start = 0xffffff80017b4000, len=0x50c
[    2.212431] hdmi_tx_init_resource: 'qfprom_physical': start = 0xffffff80017b8000, len=0x6158
[    2.212517] hdmi_tx_init_resource: 'hdcp_physical': start = 0xffffff80017b6000, len=0xfff
[    2.214114] mdss_register_panel: adding framebuffer device 9a0000.qcom,hdmi_tx
[    2.217234] mdss_register_panel: adding framebuffer device soc:qcom,mdss_wb_panel
[    2.219776] mdss_fb_probe: fb0: split_mode:0 left:0 right:0
[    2.221312] mdss_fb_register: FrameBuffer[0] 480x854 registered successfully!
[    2.222872] mdss_fb_probe: fb1: split_mode:0 left:0 right:0
[    2.223124] mdss_fb_register: FrameBuffer[1] 640x480 registered successfully!
[    2.224048] input: HDMI CEC User or Deck Control as /devices/virtual/input/input1
[    2.275391] mdss_fb_probe: fb2: split_mode:0 left:0 right:0
[    2.275742] mdss_fb_register: FrameBuffer[2] 640x480 registered successfully!
[    2.275956] mdss_mdp_splash_parse_dt: splash mem child node is not present
[    2.303677] In memshare_probe, Memshare probe success
[    2.312263] l2cache-pmu soc:l2-pmu: Registered L2 cache PMU using 2 HW PMUs
[    2.313602] msm_rpm_log_probe: OK
[    2.322253] subsys-pil-tz ce0000.qcom,venus: for venus segments only will be dumped.
[    2.323925] subsys-pil-tz soc:qcom,kgsl-hyp: for a530_zap segments only will be dumped.
[    2.327941] smd_channel_probe_now: allocation table not initialized
[    2.328133] pil-q6v5-mss 2080000.qcom,mss: Failed to find the pas_id.
[    2.333287] input: qbt1000_key_input as /devices/virtual/input/input2
[    2.339093] uart_tx_gpio is not available
[    2.339117] uart_rx_gpio is not available
[    2.339126] uart_cts_gpio is not available
[    2.339134] uart_rfr_gpio is not available
[    2.341169] sps: BAM device 0x0000000007544000 is not registered yet.
[    2.341712] sps:BAM 0x0000000007544000 is registered.
[    2.344536] 7570000.uart: ttyHS0 at MMIO 0x7570000 (irq = 19, base_baud = 460800) is a MSM HS UART
[    2.347858] msm_serial_hs module loaded
[    2.349010] msm_serial_hsl_probe: detected port #0 (ttyHSL0)
[    2.349076] AXI: get_pdata(): Error: Client name not found
[    2.349083] AXI: msm_bus_cl_get_pdata(): client has to provide missing entry for successful registration
[    2.349089] msm_serial_hsl_probe: Bus scaling is disabled
[    2.349298] 75b0000.serial: ttyHSL0 at MMIO 0x75b0000 (irq = 12, base_baud = 460800) is a MSM
[    2.349394] msm_hsl_console_setup: console setup on port #0
[    6.698237] console [ttyHSL0] enabled
[    6.703547] msm_serial_hsl_init: driver initialized
[    6.717668] diag: Unable to initialize POOL_MDM_DCI_WRITE mempool, itemsize: 0 poolsize: 0
[    6.867994] brd: module loaded
[    6.874943] loop: module loaded
[    6.877766] zram: Created 1 device(s) ...
[    6.881111] lkdtm: No crash points registered, enable through debugfs
[    6.889052] QSEECOM: qseecom_probe: qseecom.qsee_version = 0x1001000
[    6.894497] QSEECOM: qseecom_retrieve_ce_data: Device does not support PFE
[    6.901080] QSEECOM: qseecom_probe: no-clock-support=0x1[    6.906350] QSEECOM: qseecom_probe: qseecom.qsee_reentrancy_support = 2
[    6.913622] QSEECOM: qseecom_probe: qseecom.whitelist_support = 1
[    6.923212] i2c-core: driver [tabla-i2c-core] using legacy suspend method
[    6.928961] i2c-core: driver [tabla-i2c-core] using legacy resume method
[    6.935830] i2c-core: driver [wcd9xxx-i2c-core] using legacy suspend method
[    6.942609] i2c-core: driver [wcd9xxx-i2c-core] using legacy resume method
[    6.949626] i2c-core: driver [tasha-i2c-core] using legacy suspend method
[    6.956239] i2c-core: driver [tasha-i2c-core] using legacy resume method
[    6.969288] qce 660000.qcedev: Qualcomm Crypto 5.3.1 device found @0x660000
[    6.975362] qce 660000.qcedev: CE device = 0x0
[    6.975362] IO base, CE = 0xffffff8003d40000
[    6.975362] Consumer (IN) PIPE 2,    Producer (OUT) PIPE 3
[    6.975362] IO base BAM = 0x0000000000000000
[    6.975362] BAM IRQ 251
[    6.975362] Engines Availability = 0x2011053
[    7.001104] sps:BAM 0x0000000000644000 is registered.
[    7.005877] sps:BAM 0x0000000000644000 (va:0xffffff8004c40000) enabled: ver:0x27, number of pipes:16
[    7.015176] QCE50: qce_sps_init:  Qualcomm MSM CE-BAM at 0x0000000000644000 irq 251
[    7.031967] qcrypto 660000.qcrypto: Qualcomm Crypto 5.3.1 device found @0x660000
[    7.038343] qcrypto 660000.qcrypto: CE device = 0x0
[    7.038343] IO base, CE = 0xffffff8004dc0000
[    7.038343] Consumer (IN) PIPE 4,    Producer (OUT) PIPE 5
[    7.038343] IO base BAM = 0x0000000000000000
[    7.038343] BAM IRQ 251
[    7.038343] Engines Availability = 0x2011053
[    7.065612] QCE50: qce_sps_init:  Qualcomm MSM CE-BAM at 0x0000000000644000 irq 251
[    7.077551] qcrypto 660000.qcrypto: qcrypto-ecb-aes
[    7.081627] qcrypto 660000.qcrypto: qcrypto-cbc-aes
[    7.086422] qcrypto 660000.qcrypto: qcrypto-ctr-aes
[    7.091315] qcrypto 660000.qcrypto: qcrypto-ecb-des
[    7.096141] qcrypto 660000.qcrypto: qcrypto-cbc-des
[    7.101032] qcrypto 660000.qcrypto: qcrypto-ecb-3des
[    7.105947] qcrypto 660000.qcrypto: qcrypto-cbc-3des
[    7.110934] qcrypto 660000.qcrypto: qcrypto-xts-aes
[    7.115775] qcrypto 660000.qcrypto: qcrypto-sha1
[    7.120391] qcrypto 660000.qcrypto: qcrypto-sha256
[    7.125126] qcrypto 660000.qcrypto: qcrypto-aead-hmac-sha1-cbc-aes
[    7.131336] qcrypto 660000.qcrypto: qcrypto-aead-hmac-sha1-cbc-des
[    7.137455] qcrypto 660000.qcrypto: qcrypto-aead-hmac-sha1-cbc-3des
[    7.143746] qcrypto 660000.qcrypto: qcrypto-aead-hmac-sha256-cbc-aes
[    7.150055] qcrypto 660000.qcrypto: qcrypto-aead-hmac-sha256-cbc-des
[    7.156387] qcrypto 660000.qcrypto: qcrypto-aead-hmac-sha256-cbc-3des
[    7.163271] qcrypto 660000.qcrypto: qcrypto-hmac-sha1
[    7.167834] qcrypto 660000.qcrypto: qcrypto-hmac-sha256
[    7.173081] qcrypto 660000.qcrypto: qcrypto-aes-ccm
[    7.177901] qcrypto 660000.qcrypto: qcrypto-rfc4309-aes-ccm
[    7.187068] ICE IRQ = 31
[    7.188859] qcom_ice_get_device_tree_data: No vdd-hba-supply regulator, assuming not needed
[    7.197116] ICE IRQ = 32
[    7.206420] qcom_ice_get_pdevice: found ice device ffffffc0b1683200
[    7.211695] qcom_ice_get_pdevice: matching platform device ffffffc0b41e3000
[    7.219259] scm_call failed: func id 0x42000c02, ret: -2, syscall returns: 0xfffffffffffffffc, 0x0, 0x0
[    7.229089] ufs_qcom_phy_qmp_14nm 627000.ufsphy: failed to get tx_iface_clk err -2
[    7.235653] ufs_qcom_phy_qmp_14nm 627000.ufsphy: failed to get rx_iface_clk err -2
[    7.245761] scsi host0: ufshcd
[    7.252409] qcom_ice 630000.ufsice: QC ICE 2.1.44 device found @0xffffff8002070000
[    7.272858] SCSI Media Changer driver v0.25
[    7.278832] Ethernet Channel Bonding Driver: v3.7.1 (April 27, 2011)
[    7.287913] tun: Universal TUN/TAP device driver, 1.6
[    7.291969] tun: (C) 1999-2004 Max Krasnyansky <maxk@qualcomm.com>
[    7.298353] e1000: Intel(R) PRO/1000 Network Driver - version 7.3.21-k8-NAPI
[    7.303290] ufshcd 624000.ufshc: ufshcd_print_pwr_info:[RX, TX]: gear=[1, 1], lane[1, 1], pwr[SLOWAUTO_MODE, SLOWAUTO_MODE], rate = 0
[    7.316911] ufshcd 624000.ufshc: ufshcd_print_pwr_info:[RX, TX]: gear=[3, 3], lane[1, 1], pwr[FAST MODE, FAST MODE], rate = 2
[    7.317749] scsi 0:0:0:49488: Well-known LUN    TOSHIBA  THGAF4G8N2LBAIRB 0100 PQ: 0 ANSI: 6
[    7.320343] scsi 0:0:0:49456: Well-known LUN    TOSHIBA  THGAF4G8N2LBAIRB 0100 PQ: 0 ANSI: 6
[    7.322793] scsi 0:0:0:49476: Well-known LUN    TOSHIBA  THGAF4G8N2LBAIRB 0100 PQ: 0 ANSI: 6
[    7.325609] scsi 0:0:0:0: Direct-Access     TOSHIBA  THGAF4G8N2LBAIRB 0100 PQ: 0 ANSI: 6
[    7.326854] scsi 0:0:0:1: Direct-Access     TOSHIBA  THGAF4G8N2LBAIRB 0100 PQ: 0 ANSI: 6
[    7.327969] scsi 0:0:0:2: Direct-Access     TOSHIBA  THGAF4G8N2LBAIRB 0100 PQ: 0 ANSI: 6
[    7.329012] scsi 0:0:0:3: Direct-Access     TOSHIBA  THGAF4G8N2LBAIRB 0100 PQ: 0 ANSI: 6
[    7.330003] scsi 0:0:0:4: Direct-Access     TOSHIBA  THGAF4G8N2LBAIRB 0100 PQ: 0 ANSI: 6
[    7.331159] scsi 0:0:0:5: Direct-Access     TOSHIBA  THGAF4G8N2LBAIRB 0100 PQ: 0 ANSI: 6
[    7.341956]  sdb: sdb1
[    7.342981]  sda: sda1 sda2 sda3 sda4 sda5 sda6 sda7 sda8 sda9 sda10
[    7.348711]  sdc: sdc1
[    7.352604]  sdd: sdd1 sdd2 sdd3 sdd4
[    7.360156]  sde: sde1 sde2 sde3 sde4 sde5 sde6 sde7 sde8 sde9 sde10 sde11 sde12 sde13 sde14 sde15 sde16 sde17 sde18 sde19 sde20 sde21 sde22 sde23 sde24 sde25 sde26 sde27 sde28 sde29 sde30 sde2
[    7.368280]  sdf: sdf1 sdf2 sdf3
[    7.438180] e1000: Copyright (c) 1999-2006 Intel Corporation.
[    7.443710] e1000e: Intel(R) PRO/1000 Network Driver - 2.3.2-k
[    7.449304] e1000e: Copyright(c) 1999 - 2014 Intel Corporation.
[    7.457552] PPP generic driver version 2.4.2
[    7.461073] PPP BSD Compression module registered
[    7.465483] PPP Deflate Compression module registered
[    7.470577] PPP MPPE Compression module registered
[    7.475298] NET: Registered protocol family 24
[    7.482693] soc:qcom,cnss supply vdd-wlan not found, using dummy regulator
[    7.560138] msm_pcie_enable: PCIe: Assert the reset of endpoint of RC0.
[    7.570348] msm_pcie_enable: PCIe RC0 PHY is ready!
[    7.584383] msm_pcie_enable: PCIe: Release the reset of endpoint of RC0.
[    7.632306] msm_pcie_enable: PCIe RC0 link initialized
[    7.636635] PCI host bridge /soc/qcom,pcie@00600000 ranges:
[    7.642009]   No bus range found for /soc/qcom,pcie@00600000, using [bus 00-ff]
[    7.649287]    IO 0x0c200000..0x0c2fffff -> 0x0c200000
[    7.654495]   MEM 0x0c300000..0x0cffffff -> 0x0c300000
[    7.669981] pci-msm 600000.qcom,pcie: PCI host bridge to bus 0000:00
[    7.675351] pci_bus 0000:00: root bus resource [bus 00-ff]
[    7.680855] pci_bus 0000:00: root bus resource [io  0x0000-0xfffff] (bus address [0xc200000-0xc2fffff])
[    7.690174] pci_bus 0000:00: root bus resource [mem 0x0c300000-0x0cffffff]
[    7.697387] pci 0000:00:00.0: IOMMU is currently not supported for PCI
[    7.703763] pci 0000:00:00.0: of_irq_parse_pci() failed with rc=-19
[    7.710330] pci 0000:00:00.0: bridge configuration invalid ([bus 00-00]), reconfiguring
[    7.718761] pci 0000:01:00.0: IOMMU is currently not supported for PCI
[    7.725578] pci 0000:00:00.0: BAR 8: assigned [mem 0x0c400000-0x0c5fffff]
[    7.731353] pci 0000:00:00.0: BAR 0: assigned [mem 0x0c300000-0x0c300fff 64bit]
[    7.738730] pci 0000:01:00.0: BAR 0: assigned [mem 0x0c400000-0x0c5fffff 64bit]
[    7.746412] pci 0000:00:00.0: PCI bridge to [bus 01]
[    7.750964] pci 0000:00:00.0:   bridge window [mem 0x0c400000-0x0c5fffff]
[    7.765780] cnss soc:qcom,cnss: for AR6320 segments only will be dumped.
[    7.784447] msm_pcie_disable: PCIe: Assert the reset of endpoint of RC0.
[    7.813709] cnss: Platform driver probed successfully.
[    7.821722] usbcore: registered new interface driver asix
[    7.826217] usbcore: registered new interface driver ax88179_178a
[    7.832316] usbcore: registered new interface driver cdc_ether
[    7.838045] usbcore: registered new interface driver net1080
[    7.843715] usbcore: registered new interface driver cdc_subset
[    7.849587] usbcore: registered new interface driver zaurus
[    7.855588] usbcore: registered new interface driver cdc_ncm
[    7.860820] usbcore: registered new interface driver qmi_wwan
[    7.869049] msm_sharedmem: sharedmem_register_qmi: qmi init successful
[    7.879278] msm_sharedmem: msm_sharedmem_probe: Device created for client 'rmtfs'
[    7.891634] 7411000.qusb supply USB3_GDSC not found, using dummy regulator
[    7.898012] 7412000.qusb supply USB3_GDSC not found, using dummy regulator
[    7.911214] msm-dwc3 6a00000.ssusb: unable to get dbm device
[    7.917033] 7600000.hsusb supply USB3_GDSC not found, using dummy regulator
[    7.924460] msm-dwc3 7600000.hsusb: unable to read platform data tx fifo size
[    7.942506] ehci_hcd: USB 2.0 'Enhanced' Host Controller (EHCI) Driver
[    7.948051] ehci-pci: EHCI PCI platform driver
[    7.952823] usbcore: registered new interface driver cdc_wdm
[    7.958204] usbcore: registered new interface driver usb-storage
[    7.964148] usbcore: registered new interface driver ums-alauda
[    7.970012] usbcore: registered new interface driver ums-cypress
[    7.976025] usbcore: registered new interface driver ums-datafab
[    7.982013] usbcore: registered new interface driver ums-freecom
[    7.987980] usbcore: registered new interface driver ums-isd200
[    7.993908] usbcore: registered new interface driver ums-jumpshot
[    7.999959] usbcore: registered new interface driver ums-karma
[    8.005816] usbcore: registered new interface driver ums-sddr09
[    8.011699] usbcore: registered new interface driver ums-sddr55
[    8.017578] usbcore: registered new interface driver ums-usbat
[    8.023634] usbcore: registered new interface driver usbserial
[    8.029237] usbcore: registered new interface driver usb_ehset_test
[    8.036998] usbcore: registered new interface driver ks_bridge
[    8.041837] ksb_init: init done
[    8.046340] gbridge_init: gbridge_init successs.
[    8.050528] mousedev: PS/2 mouse device common for all mice
[    8.056122] usbcore: registered new interface driver xpad
[    8.180951] i2c-msm-v2 75ba000.i2c: msm_bus_scale_register_client(mstr-id:84):0x14 (ok)
[    8.188224] i2c-msm-v2 75ba000.i2c: NACK: slave not responding, ensure its powered: msgs(n:1 cur:0 tx) bc(rx:0 tx:2) mode:FIFO slv_addr:0x20 MSTR_STS:0x0d1300c8 OPER:0x00000090
[    8.203757] synaptics_dsx_i2c 12-0020: synaptics_rmi4_i2c_set_page: I2C retry 1
[    8.240251] i2c-msm-v2 75ba000.i2c: NACK: slave not responding, ensure its powered: msgs(n:1 cur:0 tx) bc(rx:0 tx:2) mode:FIFO slv_addr:0x20 MSTR_STS:0x0d1300c8 OPER:0x00000090
[    8.255016] synaptics_dsx_i2c 12-0020: synaptics_rmi4_i2c_set_page: I2C retry 2
[    8.290249] i2c-msm-v2 75ba000.i2c: NACK: slave not responding, ensure its powered: msgs(n:1 cur:0 tx) bc(rx:0 tx:2) mode:FIFO slv_addr:0x20 MSTR_STS:0x0d1300c8 OPER:0x00000090
[    8.305011] synaptics_dsx_i2c 12-0020: synaptics_rmi4_i2c_set_page: I2C retry 3
[    8.340243] i2c-msm-v2 75ba000.i2c: NACK: slave not responding, ensure its powered: msgs(n:1 cur:0 tx) bc(rx:0 tx:2) mode:FIFO slv_addr:0x20 MSTR_STS:0x0d1300c8 OPER:0x00000090
[    8.355006] synaptics_dsx_i2c 12-0020: synaptics_rmi4_i2c_set_page: I2C retry 4
[    8.390248] i2c-msm-v2 75ba000.i2c: NACK: slave not responding, ensure its powered: msgs(n:1 cur:0 tx) bc(rx:0 tx:2) mode:FIFO slv_addr:0x20 MSTR_STS:0x0d1300c8 OPER:0x00000090
[    8.405010] synaptics_dsx_i2c 12-0020: synaptics_rmi4_i2c_set_page: I2C retry 5
[    8.440239] i2c-msm-v2 75ba000.i2c: NACK: slave not responding, ensure its powered: msgs(n:1 cur:0 tx) bc(rx:0 tx:2) mode:FIFO slv_addr:0x20 MSTR_STS:0x0d1300c8 OPER:0x00000090
[    8.455003] synaptics_dsx_i2c 12-0020: synaptics_rmi4_i2c_set_page: I2C retry 6
[    8.490248] i2c-msm-v2 75ba000.i2c: NACK: slave not responding, ensure its powered: msgs(n:1 cur:0 tx) bc(rx:0 tx:2) mode:FIFO slv_addr:0x20 MSTR_STS:0x0d1300c8 OPER:0x00000090
[    8.505008] synaptics_dsx_i2c 12-0020: synaptics_rmi4_i2c_set_page: I2C retry 7
[    8.540243] i2c-msm-v2 75ba000.i2c: NACK: slave not responding, ensure its powered: msgs(n:1 cur:0 tx) bc(rx:0 tx:2) mode:FIFO slv_addr:0x20 MSTR_STS:0x0d1300c8 OPER:0x00000090
[    8.555004] synaptics_dsx_i2c 12-0020: synaptics_rmi4_i2c_set_page: I2C retry 8
[    8.590246] i2c-msm-v2 75ba000.i2c: NACK: slave not responding, ensure its powered: msgs(n:1 cur:0 tx) bc(rx:0 tx:2) mode:FIFO slv_addr:0x20 MSTR_STS:0x0d1300c8 OPER:0x00000090
[    8.605005] synaptics_dsx_i2c 12-0020: synaptics_rmi4_i2c_set_page: I2C retry 9
[    8.640246] i2c-msm-v2 75ba000.i2c: NACK: slave not responding, ensure its powered: msgs(n:1 cur:0 tx) bc(rx:0 tx:2) mode:FIFO slv_addr:0x20 MSTR_STS:0x0d1300c8 OPER:0x00000090
[    8.655007] synaptics_dsx_i2c 12-0020: synaptics_rmi4_i2c_set_page: I2C retry 10
[    8.690070] synaptics_dsx_i2c 12-0020: synaptics_rmi4_set_input_dev: Failed to query device
[    8.697396] synaptics_dsx synaptics_dsx.0: synaptics_rmi4_probe: Failed to set up input device
[    8.706358] synaptics_dsx: probe of synaptics_dsx.0 failed with error -5
[    8.713811] Goodix touchscreen driver installing....
[    8.718701] goodix-ts 12-005d: GTP Driver Version: V2.8.0.1<2017/10/26>
[    8.724421] goodix-ts 12-005d: GTP I2C Address: 0x5d
[    8.729297] goodix-ts 12-005d: Unset touchscreen-max-w, use default
[    8.735972] goodix-ts 12-005d: Unset touchscreen-max-p, use default
[    8.741878] goodix-ts 12-005d: touch input parameters is [id x y w p]<5 480 854 1024 1024>
[    8.750055] goodix-ts 12-005d: Failed get int-trigger-type from dts,set default
[    8.757675] goodix-ts 12-005d: Success init pinctrl
[    8.762243] goodix-ts 12-005d: Success request irq-gpio
[    8.767408] goodix-ts 12-005d: Success request rst-gpio
[    8.772622] goodix-ts 12-005d: Guitar reset
[    8.860319] i2c-msm-v2 75ba000.i2c: NACK: slave not responding, ensure its powered: msgs(n:2 cur:0 tx) bc(rx:1 tx:2) mode:FIFO slv_addr:0x5d MSTR_STS:0x0d1300c8 OPER:0x00000010
[    8.875097] goodix-ts 12-005d: I2c read retry[1]:0x8047
[    8.882417] i2c-msm-v2 75ba000.i2c: NACK: slave not responding, ensure its powered: msgs(n:2 cur:0 tx) bc(rx:1 tx:2) mode:FIFO slv_addr:0x5d MSTR_STS:0x0d1300c8 OPER:0x00000010
[    8.897180] goodix-ts 12-005d: I2c read retry[2]:0x8047
[    8.904518] i2c-msm-v2 75ba000.i2c: NACK: slave not responding, ensure its powered: msgs(n:2 cur:0 tx) bc(rx:1 tx:2) mode:FIFO slv_addr:0x5d MSTR_STS:0x0d1300c8 OPER:0x00000010
[    8.919280] goodix-ts 12-005d: I2c read retry[3]:0x8047
[    8.926610] i2c-msm-v2 75ba000.i2c: NACK: slave not responding, ensure its powered: msgs(n:2 cur:0 tx) bc(rx:1 tx:2) mode:FIFO slv_addr:0x5d MSTR_STS:0x0d1300c8 OPER:0x00000010
[    8.941674] goodix-ts 12-005d: I2c read retry[4]:0x8047
[    8.948683] i2c-msm-v2 75ba000.i2c: NACK: slave not responding, ensure its powered: msgs(n:2 cur:0 tx) bc(rx:1 tx:2) mode:FIFO slv_addr:0x5d MSTR_STS:0x0d1300c8 OPER:0x00000010
[    8.963486] goodix-ts 12-005d: I2c read retry[5]:0x8047
[    8.970577] goodix-ts 12-005d: I2c read failed,dev:5d,reg:8047,size:1
[    8.975974] goodix-ts 12-005d: GTP i2c test failed time 1
[    8.992596] i2c-msm-v2 75ba000.i2c: NACK: slave not responding, ensure its powered: msgs(n:2 cur:0 tx) bc(rx:1 tx:2) mode:FIFO slv_addr:0x5d MSTR_STS:0x0d1300c8 OPER:0x00000010
[    9.007358] goodix-ts 12-005d: I2c read retry[1]:0x8047
[    9.014723] i2c-msm-v2 75ba000.i2c: NACK: slave not responding, ensure its powered: msgs(n:2 cur:0 tx) bc(rx:1 tx:2) mode:FIFO slv_addr:0x5d MSTR_STS:0x0d1300c8 OPER:0x00000010
[    9.029484] goodix-ts 12-005d: I2c read retry[2]:0x8047
[    9.036815] i2c-msm-v2 75ba000.i2c: NACK: slave not responding, ensure its powered: msgs(n:2 cur:0 tx) bc(rx:1 tx:2) mode:FIFO slv_addr:0x5d MSTR_STS:0x0d1300c8 OPER:0x00000010
[    9.051878] goodix-ts 12-005d: I2c read retry[3]:0x8047
[    9.058891] i2c-msm-v2 75ba000.i2c: NACK: slave not responding, ensure its powered: msgs(n:2 cur:0 tx) bc(rx:1 tx:2) mode:FIFO slv_addr:0x5d MSTR_STS:0x0d1300c8 OPER:0x00000010
[    9.073653] goodix-ts 12-005d: I2c read retry[4]:0x8047
[    9.080968] i2c-msm-v2 75ba000.i2c: NACK: slave not responding, ensure its powered: msgs(n:2 cur:0 tx) bc(rx:1 tx:2) mode:FIFO slv_addr:0x5d MSTR_STS:0x0d1300c8 OPER:0x00000010
[    9.095728] goodix-ts 12-005d: I2c read retry[5]:0x8047
[    9.102883] goodix-ts 12-005d: I2c read failed,dev:5d,reg:8047,size:1
[    9.108281] goodix-ts 12-005d: GTP i2c test failed time 2
[    9.124898] i2c-msm-v2 75ba000.i2c: NACK: slave not responding, ensure its powered: msgs(n:2 cur:0 tx) bc(rx:1 tx:2) mode:FIFO slv_addr:0x5d MSTR_STS:0x0d1300c8 OPER:0x00000010
[    9.139660] goodix-ts 12-005d: I2c read retry[1]:0x8047
[    9.146991] i2c-msm-v2 75ba000.i2c: NACK: slave not responding, ensure its powered: msgs(n:2 cur:0 tx) bc(rx:1 tx:2) mode:FIFO slv_addr:0x5d MSTR_STS:0x0d1300c8 OPER:0x00000010
[    9.162052] goodix-ts 12-005d: I2c read retry[2]:0x8047
[    9.169067] i2c-msm-v2 75ba000.i2c: NACK: slave not responding, ensure its powered: msgs(n:2 cur:0 tx) bc(rx:1 tx:2) mode:FIFO slv_addr:0x5d MSTR_STS:0x0d1300c8 OPER:0x00000010
[    9.183829] goodix-ts 12-005d: I2c read retry[3]:0x8047
[    9.191145] i2c-msm-v2 75ba000.i2c: NACK: slave not responding, ensure its powered: msgs(n:2 cur:0 tx) bc(rx:1 tx:2) mode:FIFO slv_addr:0x5d MSTR_STS:0x0d1300c8 OPER:0x00000010
[    9.205904] goodix-ts 12-005d: I2c read retry[4]:0x8047
[    9.213240] i2c-msm-v2 75ba000.i2c: NACK: slave not responding, ensure its powered: msgs(n:2 cur:0 tx) bc(rx:1 tx:2) mode:FIFO slv_addr:0x5d MSTR_STS:0x0d1300c8 OPER:0x00000010
[    9.228000] goodix-ts 12-005d: I2c read retry[5]:0x8047
[    9.235153] goodix-ts 12-005d: I2c read failed,dev:5d,reg:8047,size:1
[    9.240571] goodix-ts 12-005d: GTP i2c test failed time 3
[    9.256970] goodix-ts 12-005d: Failed communicate with IC use I2C
[    9.262627] goodix-ts: probe of 12-005d failed with error -11
[    9.270905] input: hbtp_vm as /devices/virtual/input/input4
[    9.277019] i2c-core: driver [smi130_acc] using legacy suspend method
[    9.282491] i2c-core: driver [smi130_acc] using legacy resume method
[    9.288814] i2c-core: driver [smi130_gyro] using legacy suspend method
[    9.295295] i2c-core: driver [smi130_gyro] using legacy resume method
[    9.302517] qcom,qpnp-rtc qpnp-rtc-8: rtc core: registered qpnp_rtc as rtc0
[    9.308939] i2c /dev entries driver
[    9.354367] vmem: Up and running with 4 banks of memory from [io  size 0x3f4bc2a0c9 64bit disabled]
[    9.392913] msm_actuator_platform_probe:1969 No valid actuator GPIOs data
[    9.398981] msm_actuator_platform_probe:1969 No valid actuator GPIOs data
[    9.405739] msm_actuator_platform_probe:1969 No valid actuator GPIOs data
[    9.414084] failed: msm_camera_get_clk_info rc -12
[    9.417690] qcom,eeprom: probe of a0c000.qcom,cci:qcom,eeprom@0 failed with error -12
[    9.425787] failed: msm_camera_get_clk_info rc -12
[    9.430283] qcom,eeprom: probe of a0c000.qcom,cci:qcom,eeprom@1 failed with error -12
[    9.443713] adp1660 i2c_add_driver success
[    9.452077] msm_camera_get_dt_gpio_set_tbl failed 794
[    9.457116] msm_camera_get_dt_gpio_set_tbl failed 794
[    9.462739] msm_camera_get_dt_gpio_set_tbl failed 794
[    9.467515] msm_camera_get_dt_gpio_set_tbl failed 794
[    9.478909] MSM-CPP cpp_init_hardware:1011 CPP HW Version: 0x60000000
[    9.484398] MSM-CPP cpp_init_hardware:1029 stream_cnt:0
[    9.493152] CAM-SOC msm_camera_get_reg_base:787 err: mem resource vfe_fuse not found
[    9.499869] CAM-SOC msm_camera_get_res_size:830 err: mem resource vfe_fuse not found
[    9.509764] CAM-SOC msm_camera_get_reg_base:787 err: mem resource vfe_fuse not found
[    9.516524] CAM-SOC msm_camera_get_res_size:830 err: mem resource vfe_fuse not found
[    9.537129] __msm_jpeg_init:1537] Jpeg Device id 0
[    9.542499] __msm_jpeg_init:1537] Jpeg Device id 2__msm_jpeg_init:1537] Jpeg Device id 3
[    9.556711] msm_fd_hw_set_dt_parms_by_name: Error property does not exist
[    9.660403] msm_fd aa4000.qcom,fd: Face detection halt timeout
[    9.667626] FG: fg_check_ima_exception: Initial ima_err_sts=0 ima_exp_sts=0 ima_hw_sts=0
[    9.677933] FG: fg_probe: FG Probe success - FG Revision DIG:3.1 ANA:1.2 PMIC subtype=19
[    9.686164] qpnp-smbcharger qpnp-smbcharger-17: node /soc/qcom,spmi@400f000/qcom,pmi8994@2/qcom,qpnp-smbcharger IO resource absent!
[    9.697460] smbcharger_charger_otg: no parameters
[    9.701969] smbcharger_external_otg: no parameters
[    9.706618] SMBCHG: smbchg_hvdcp_enable_cb: smbchg_hvdcp_enable_cb  enable 1
[    9.808449] qpnp-smbcharger qpnp-smbcharger-17: node /soc/qcom,spmi@400f000/qcom,pmi8994@2/qcom,qpnp-smbcharger IO resource absent!
[    9.821057] qpnp-smbcharger qpnp-smbcharger-17: SMBCHG successfully probe Charger version=SCHG Revision DIG:2.0 ANA:2.1 batt=1 dc=0 usb=0
[    9.835320] unable to find DT imem DLOAD mode node
[    9.836170] msm-dwc3 7600000.hsusb: DWC3 in low power mode
[    9.846582] unable to find DT imem EDLOAD mode node
[    9.898558] device-mapper: uevent: version 1.0.3
[    9.902659] device-mapper: ioctl: 4.28.0-ioctl (2014-09-17) initialised: dm-devel@redhat.com
[    9.910845] device-mapper: req-crypt: dm-req-crypt successfully initalized.
[    9.910845]
[    9.921579] bt_power bt_qca6174: no qca,bt-vdd-core-voltage-level property
[    9.927534] bt_power bt_qca6174: no qca,bt-vdd-pa-voltage-level property
[    9.934177] bt_dt_parse_vreg_info: qca,bt-vdd-ldo: is not provided in device tree
[    9.941596] bt_dt_parse_vreg_info: qca,bt-chip-pwd: is not provided in device tree
[    9.950524] sdhci: Secure Digital Host Controller Interface driver
[    9.955664] sdhci: Copyright(c) Pierre Ossman
[    9.960008] sdhci-pltfm: SDHCI platform and OF driver helper
[    9.969088] qcom_ice_get_pdevice: found ice device ffffffc0b1683400
[    9.974435] qcom_ice_get_pdevice: matching platform device ffffffc0b41e3400
[    9.982398] sdhci_msm 74a4900.sdhci: sdhci_msm_probe: ICE device is not enabled
[   10.004707] sdhci_msm 74a4900.sdhci: No vmmc regulator found
[   10.009344] sdhci_msm 74a4900.sdhci: No vqmmc regulator found
[   10.016076] mmc0: SDHCI controller on 74a4900.sdhci [74a4900.sdhci] using 64-bit ADMA in legacy mode
[   10.057437] hidraw: raw HID events driver (C) Jiri Kosina
[   10.063056] usbcore: registered new interface driver usbhid
[   10.067602] usbhid: USB HID core driver
[   10.073585] ashmem: initialized
[   10.078990] qpnp_coincell_charger_show_state: enabled=Y, voltage=3200 mV, resistance=2100 ohm
[   10.104349] msm_11ad soc:qcom,wil6210: GPIO <qcom,wigig-en> not found, enable GPIO not used
[   10.111990] msm_pcie_enable: PCIe: Assert the reset of endpoint of RC1.
[   10.122556] msm_pcie_enable: PCIe RC1 PHY is ready!
[   10.136545] msm_pcie_enable: PCIe: Release the reset of endpoint of RC1.
[   10.251221] msm_pcie_enable: PCIe: Assert the reset of endpoint of RC1.
[   10.256815] msm_pcie_enable: PCIe RC1 link initialization failed
[   10.264327] msm_pcie_enumerate: PCIe: failed to enable RC1.
[   10.268873] msm_11ad soc:qcom,wil6210: Parent PCIE enumeration failed
[   10.275443] msm_11ad: probe of soc:qcom,wil6210 failed with error -1
[   10.286914] bimc-bwmon 408000.qcom,cpu-bwmon: BW HWmon governor registered.
[   10.294871] arm-memlat-mon soc:qcom,arm-memlat-mon-0: Memory Latency governor registered.
[   10.302185] arm-memlat-mon soc:qcom,arm-memlat-mon-2: Memory Latency governor registered.
[   10.313798] m4m-hwmon 6530000.qcom,m4m-hwmon: Cache HWmon governor registered.
[   10.325248] devfreq soc:qcom,cpubw: Couldn't update frequency transition information.
[   10.332441] devfreq soc:qcom,mincpubw: Couldn't update frequency transition information.
[   10.340455] devfreq soc:qcom,memlat-cpu0: Couldn't update frequency transition information.
[   10.348758] devfreq soc:qcom,memlat-cpu2: Couldn't update frequency transition information.
[   10.358667] devfreq soc:qcom,m4m: Couldn't update frequency transition information.
[   10.369716] coresight-fuse 7602c.fuse: Fuse initialized
[   10.385582] coresight-csr 3001000.csr: CSR initialized
[   10.391002] coresight-tmc 3028000.tmc: Byte Counter feature enabled
[   10.396683] sps:BAM 0x0000000003084000 is registered.
[   10.401579] coresight-tmc 3028000.tmc: TMC initialized
[   10.406975] coresight-tmc 3027000.tmc: TMC initialized
[   10.417247] coresight-replicator 3026000.replicator: REPLICATOR initialized
[   10.431749] coresight-stm 3002000.stm: STM initialized
[   10.437096] coresight-hwevent 98200c0.hwevent: Hardware Event driver initialized
[   10.445179] coresight-etmv4 3840000.etm: ETMv4 initialized
[   10.450349] coresight-etmv4 3940000.etm: ETMv4 initialized
[   10.455734] coresight-etmv4 3a40000.etm: ETMv4 initialized
[   10.461568] coresight-etmv4 3b40000.etm: ETMv4 initialized
[   10.467626] coresight-remote-etm soc:audio_etm0: Remote ETM initialized
[   10.473598] coresight-remote-etm soc:rpm_etm0: Remote ETM initialized
[   10.479989] coresight-remote-etm soc:modem_etm0: Remote ETM initialized
[   10.487610] coresight-qpdi 7a1000.qpdi: QPDI hotplug card detection is not supported
[   10.494498] coresight-qpdi 7a1000.qpdi: CoreSight QPDI driver initialized
[   10.503889] usbcore: registered new interface driver snd-usb-audio
[   10.535330] msm-dai-tdm soc:qcom,msm-dai-tdm-sec-tx: msm_dai_tdm_q6_probe: dev_name: soc:qcom,msm-dai-tdm-sec-tx group_id: 0x9111
[   10.546555] msm-dai-q6-tdm soc:qcom,msm-dai-tdm-sec-tx:qcom,msm-dai-q6-tdm-sec-tx-0: msm_dai_q6_tdm_dev_probe: dev_name: soc:qcom,msm-dai-tdm-sec-tx:qcom,msm-dai-q6-tdm-sec-tx-0 dev_id: 0x9011
[   10.563414] msm-dai-q6-tdm soc:qcom,msm-dai-tdm-sec-tx:qcom,msm-dai-q6-tdm-sec-tx-0: msm_dai_q6_tdm_dev_probe: Custom tdm header not supported
[   10.576257] msm-dai-q6-tdm soc:qcom,msm-dai-tdm-sec-tx:qcom,msm-dai-q6-tdm-sec-tx-1: msm_dai_q6_tdm_dev_probe: dev_name: soc:qcom,msm-dai-tdm-sec-tx:qcom,msm-dai-q6-tdm-sec-tx-1 dev_id: 0x9013
[   10.592933] msm-dai-q6-tdm soc:qcom,msm-dai-tdm-sec-tx:qcom,msm-dai-q6-tdm-sec-tx-1: msm_dai_q6_tdm_dev_probe: Custom tdm header not supported
[   10.606091] msm-dai-q6-tdm soc:qcom,msm-dai-tdm-sec-tx:qcom,msm-dai-q6-tdm-sec-tx-2: msm_dai_q6_tdm_dev_probe: dev_name: soc:qcom,msm-dai-tdm-sec-tx:qcom,msm-dai-q6-tdm-sec-tx-2 dev_id: 0x9015
[   10.622791] msm-dai-q6-tdm soc:qcom,msm-dai-tdm-sec-tx:qcom,msm-dai-q6-tdm-sec-tx-2: msm_dai_q6_tdm_dev_probe: Custom tdm header not supported
[   10.635951] msm-dai-q6-tdm soc:qcom,msm-dai-tdm-sec-tx:qcom,msm-dai-q6-tdm-sec-tx-3: msm_dai_q6_tdm_dev_probe: dev_name: soc:qcom,msm-dai-tdm-sec-tx:qcom,msm-dai-q6-tdm-sec-tx-3 dev_id: 0x9017
[   10.652655] msm-dai-q6-tdm soc:qcom,msm-dai-tdm-sec-tx:qcom,msm-dai-q6-tdm-sec-tx-3: msm_dai_q6_tdm_dev_probe: Custom tdm header not supported
[   10.665750] msm-dai-tdm soc:qcom,msm-dai-tdm-tert-rx: msm_dai_tdm_q6_probe: dev_name: soc:qcom,msm-dai-tdm-tert-rx group_id: 0x9120
[   10.677615] msm-dai-q6-tdm soc:qcom,msm-dai-tdm-tert-rx:qcom,msm-dai-q6-tdm-tert-rx-0: msm_dai_q6_tdm_dev_probe: dev_name: soc:qcom,msm-dai-tdm-tert-rx:qcom,msm-dai-q6-tdm-tert-rx-0 dev_id: 0x0
[   10.694668] msm-dai-q6-tdm soc:qcom,msm-dai-tdm-tert-rx:qcom,msm-dai-q6-tdm-tert-rx-0: msm_dai_q6_tdm_dev_probe: Custom tdm header not supported
[   10.707989] msm-dai-q6-tdm soc:qcom,msm-dai-tdm-tert-rx:qcom,msm-dai-q6-tdm-tert-rx-1: msm_dai_q6_tdm_dev_probe: dev_name: soc:qcom,msm-dai-tdm-tert-rx:qcom,msm-dai-q6-tdm-tert-rx-1 dev_id: 0x2
[   10.725050] msm-dai-q6-tdm soc:qcom,msm-dai-tdm-tert-rx:qcom,msm-dai-q6-tdm-tert-rx-1: msm_dai_q6_tdm_dev_probe: Custom tdm header not supported
[   10.738378] msm-dai-q6-tdm soc:qcom,msm-dai-tdm-tert-rx:qcom,msm-dai-q6-tdm-tert-rx-2: msm_dai_q6_tdm_dev_probe: dev_name: soc:qcom,msm-dai-tdm-tert-rx:qcom,msm-dai-q6-tdm-tert-rx-2 dev_id: 0x4
[   10.755436] msm-dai-q6-tdm soc:qcom,msm-dai-tdm-tert-rx:qcom,msm-dai-q6-tdm-tert-rx-2: msm_dai_q6_tdm_dev_probe: Custom tdm header not supported
[   10.769056] msm-dai-q6-tdm soc:qcom,msm-dai-tdm-tert-rx:qcom,msm-dai-q6-tdm-tert-rx-3: msm_dai_q6_tdm_dev_probe: dev_name: soc:qcom,msm-dai-tdm-tert-rx:qcom,msm-dai-q6-tdm-tert-rx-3 dev_id: 0x6
[   10.785817] msm-dai-q6-tdm soc:qcom,msm-dai-tdm-tert-rx:qcom,msm-dai-q6-tdm-tert-rx-3: msm_dai_q6_tdm_dev_probe: Custom tdm header not supported
[   10.798805] msm-dai-tdm soc:qcom,msm-dai-tdm-tert-tx: msm_dai_tdm_q6_probe: dev_name: soc:qcom,msm-dai-tdm-tert-tx group_id: 0x9121
[   10.810942] msm-dai-q6-tdm soc:qcom,msm-dai-tdm-tert-tx:qcom,msm-dai-q6-tdm-tert-tx-0: msm_dai_q6_tdm_dev_probe: dev_name: soc:qcom,msm-dai-tdm-tert-tx:qcom,msm-dai-q6-tdm-tert-tx-0 dev_id: 0x1
[   10.828000] msm-dai-q6-tdm soc:qcom,msm-dai-tdm-tert-tx:qcom,msm-dai-q6-tdm-tert-tx-0: msm_dai_q6_tdm_dev_probe: Custom tdm header not supported
[   10.841321] msm-dai-q6-tdm soc:qcom,msm-dai-tdm-tert-tx:qcom,msm-dai-q6-tdm-tert-tx-1: msm_dai_q6_tdm_dev_probe: dev_name: soc:qcom,msm-dai-tdm-tert-tx:qcom,msm-dai-q6-tdm-tert-tx-1 dev_id: 0x3
[   10.858382] msm-dai-q6-tdm soc:qcom,msm-dai-tdm-tert-tx:qcom,msm-dai-q6-tdm-tert-tx-1: msm_dai_q6_tdm_dev_probe: Custom tdm header not supported
[   10.871875] msm-dai-q6-tdm soc:qcom,msm-dai-tdm-tert-tx:qcom,msm-dai-q6-tdm-tert-tx-2: msm_dai_q6_tdm_dev_probe: dev_name: soc:qcom,msm-dai-tdm-tert-tx:qcom,msm-dai-q6-tdm-tert-tx-2 dev_id: 0x5
[   10.888780] msm-dai-q6-tdm soc:qcom,msm-dai-tdm-tert-tx:qcom,msm-dai-q6-tdm-tert-tx-2: msm_dai_q6_tdm_dev_probe: Custom tdm header not supported
[   10.902123] msm-dai-q6-tdm soc:qcom,msm-dai-tdm-tert-tx:qcom,msm-dai-q6-tdm-tert-tx-3: msm_dai_q6_tdm_dev_probe: dev_name: soc:qcom,msm-dai-tdm-tert-tx:qcom,msm-dai-q6-tdm-tert-tx-3 dev_id: 0x7
[   10.919150] msm-dai-q6-tdm soc:qcom,msm-dai-tdm-tert-tx:qcom,msm-dai-q6-tdm-tert-tx-3: msm_dai_q6_tdm_dev_probe: Custom tdm header not supported
[   10.932130] msm-dai-tdm soc:qcom,msm-dai-tdm-quat-rx: msm_dai_tdm_q6_probe: dev_name: soc:qcom,msm-dai-tdm-quat-rx group_id: 0x9130
[   10.944265] msm-dai-q6-tdm soc:qcom,msm-dai-tdm-quat-rx:qcom,msm-dai-q6-tdm-quat-rx-0: msm_dai_q6_tdm_dev_probe: dev_name: soc:qcom,msm-dai-tdm-quat-rx:qcom,msm-dai-q6-tdm-quat-rx-0 dev_id: 0x0
[   10.961378] msm-dai-q6-tdm soc:qcom,msm-dai-tdm-quat-rx:qcom,msm-dai-q6-tdm-quat-rx-0: msm_dai_q6_tdm_dev_probe: Custom tdm header not supported
[   10.974709] msm-dai-q6-tdm soc:qcom,msm-dai-tdm-quat-rx:qcom,msm-dai-q6-tdm-quat-rx-1: msm_dai_q6_tdm_dev_probe: dev_name: soc:qcom,msm-dai-tdm-quat-rx:qcom,msm-dai-q6-tdm-quat-rx-1 dev_id: 0x2
[   10.991900] msm-dai-q6-tdm soc:qcom,msm-dai-tdm-quat-rx:qcom,msm-dai-q6-tdm-quat-rx-1: msm_dai_q6_tdm_dev_probe: Custom tdm header not supported
[   11.005401] msm-dai-q6-tdm soc:qcom,msm-dai-tdm-quat-rx:qcom,msm-dai-q6-tdm-quat-rx-2: msm_dai_q6_tdm_dev_probe: dev_name: soc:qcom,msm-dai-tdm-quat-rx:qcom,msm-dai-q6-tdm-quat-rx-2 dev_id: 0x4
[   11.022105] msm-dai-q6-tdm soc:qcom,msm-dai-tdm-quat-rx:qcom,msm-dai-q6-tdm-quat-rx-2: msm_dai_q6_tdm_dev_probe: Custom tdm header not supported
[   11.035479] msm-dai-q6-tdm soc:qcom,msm-dai-tdm-quat-rx:qcom,msm-dai-q6-tdm-quat-rx-3: msm_dai_q6_tdm_dev_probe: dev_name: soc:qcom,msm-dai-tdm-quat-rx:qcom,msm-dai-q6-tdm-quat-rx-3 dev_id: 0x6
[   11.052483] msm-dai-q6-tdm soc:qcom,msm-dai-tdm-quat-rx:qcom,msm-dai-q6-tdm-quat-rx-3: msm_dai_q6_tdm_dev_probe: Custom tdm header not supported
[   11.065459] msm-dai-tdm soc:qcom,msm-dai-tdm-quat-tx: msm_dai_tdm_q6_probe: dev_name: soc:qcom,msm-dai-tdm-quat-tx group_id: 0x9131
[   11.077634] msm-dai-q6-tdm soc:qcom,msm-dai-tdm-quat-tx:qcom,msm-dai-q6-tdm-quat-tx-0: msm_dai_q6_tdm_dev_probe: dev_name: soc:qcom,msm-dai-tdm-quat-tx:qcom,msm-dai-q6-tdm-quat-tx-0 dev_id: 0x1
[   11.094670] msm-dai-q6-tdm soc:qcom,msm-dai-tdm-quat-tx:qcom,msm-dai-q6-tdm-quat-tx-0: msm_dai_q6_tdm_dev_probe: Custom tdm header not supported
[   11.108008] msm-dai-q6-tdm soc:qcom,msm-dai-tdm-quat-tx:qcom,msm-dai-q6-tdm-quat-tx-1: msm_dai_q6_tdm_dev_probe: dev_name: soc:qcom,msm-dai-tdm-quat-tx:qcom,msm-dai-q6-tdm-quat-tx-1 dev_id: 0x3
[   11.125052] msm-dai-q6-tdm soc:qcom,msm-dai-tdm-quat-tx:qcom,msm-dai-q6-tdm-quat-tx-1: msm_dai_q6_tdm_dev_probe: Custom tdm header not supported
[   11.138396] msm-dai-q6-tdm soc:qcom,msm-dai-tdm-quat-tx:qcom,msm-dai-q6-tdm-quat-tx-2: msm_dai_q6_tdm_dev_probe: dev_name: soc:qcom,msm-dai-tdm-quat-tx:qcom,msm-dai-q6-tdm-quat-tx-2 dev_id: 0x5
[   11.155434] msm-dai-q6-tdm soc:qcom,msm-dai-tdm-quat-tx:qcom,msm-dai-q6-tdm-quat-tx-2: msm_dai_q6_tdm_dev_probe: Custom tdm header not supported
[   11.168764] msm-dai-q6-tdm soc:qcom,msm-dai-tdm-quat-tx:qcom,msm-dai-q6-tdm-quat-tx-3: msm_dai_q6_tdm_dev_probe: dev_name: soc:qcom,msm-dai-tdm-quat-tx:qcom,msm-dai-q6-tdm-quat-tx-3 dev_id: 0x7
[   11.185824] msm-dai-q6-tdm soc:qcom,msm-dai-tdm-quat-tx:qcom,msm-dai-q6-tdm-quat-tx-3: msm_dai_q6_tdm_dev_probe: Custom tdm header not supported
[   11.220655] msm8996-asoc-snd soc:sound-9335: ASoC: platform (null) not registered
[   11.230334] GACT probability NOT on
[   11.232794] Mirror/redirect action on
[   11.236453] u32 classifier
[   11.239117]     Actions configured
[   11.242557] Netfilter messages via NETLINK v0.30.
[   11.247265] nf_conntrack version 0.5.0 (16384 buckets, 65536 max)
[   11.253836] ctnetlink v0.93: registering with nfnetlink.
[   11.259788] xt_time: kernel timezone is -0000
[   11.263465] ip_tables: (C) 2000-2006 Netfilter Core Team
[   11.268642] arp_tables: (C) 2002 David S. Miller
[   11.273106] TCP: cubic registered
[   11.276303] Initializing XFRM netlink socket
[   11.281529] NET: Registered protocol family 10
[   11.286059] mip6: Mobile IPv6
[   11.288015] ip6_tables: (C) 2000-2006 Netfilter Core Team
[   11.293614] sit: IPv6 over IPv4 tunneling driver
[   11.298700] NET: Registered protocol family 17
[   11.302490] NET: Registered protocol family 15
[   11.306905] bridge: automatic filtering via arp/ip/ip6tables has been deprecated. Update your scripts to load br_netfilter if you need this.
[   11.319451] Ebtables v2.0 registered
[   11.323327] Bluetooth: ffffffc0b5217cc8
[   11.326636] Bluetooth: ffffffc0b5217cb8Bluetooth: ffffffc0b5217cf8
[   11.332799] Bluetooth: ffffffc0b5217cd8Bluetooth: ffffffc0b5217cd8
[   11.338952] Bluetooth: ffffffc0b5217ca8Bluetooth: ffffffc0b5217d28
[   11.345109] Bluetooth: ffffffc0b5217cf8[   11.348974] l2tp_core: L2TP core driver, V2.0
[   11.353313] l2tp_ppp: PPPoL2TP kernel driver, V2.0
[   11.358040] l2tp_ip: L2TP IP encapsulation support (L2TPv3)
[   11.363644] l2tp_netlink: L2TP netlink interface
[   11.368251] l2tp_eth: L2TP ethernet pseudowire support (L2TPv3)
[   11.374148] l2tp_debugfs: L2TP debugfs support
[   11.378526] l2tp_ip6: L2TP IP encapsulation support for IPv6 (L2TPv3)
[   11.386324] NET: Registered protocol family 27
[   11.401085] subsys-pil-tz 9300000.qcom,lpass: for adsp segments only will be dumped.
[   11.409641] subsys-pil-tz 1c00000.qcom,ssc: for slpi segments only will be dumped.
[   11.418158] pil-q6v5-mss 2080000.qcom,mss: Failed to find the pas_id.
[   11.424742] pil-q6v5-mss 2080000.qcom,mss: for modem segments only will be dumped.
[   11.435848] sps:BAM 0x0000000006b04000 is registered.
[   11.439728] ipa_get_transport_type:2368 IPA HW is not supported
[   11.451532] msm8996-asoc-snd soc:sound-9335: ASoC: platform (null) not registered
[   11.459196] Registered cp15_barrier emulation handler
[   11.463245] Registered setend emulation handler
[   11.468366] Loading compiled-in X.509 certificates
[   11.472867] Loaded X.509 cert 'Android: 7e4333f9bba00adfe0ede979e28ed1920492b40f'
[   11.475647] xhci-hcd xhci-hcd.0.auto: xHCI Host Controller
[   11.475921] xhci-hcd xhci-hcd.0.auto: new USB bus registered, assigned bus number 1
[   11.476059] xhci-hcd xhci-hcd.0.auto: irq 798, io mem 0x06a00000
[   11.476919] usb usb1: New USB device found, idVendor=1d6b, idProduct=0002
[   11.476925] usb usb1: New USB device strings: Mfr=3, Product=2, SerialNumber=1
[   11.476930] usb usb1: Product: xHCI Host Controller
[   11.476934] usb usb1: Manufacturer: Linux 3.18.120-g633bbeaf1917 xhci-hcd
[   11.476937] usb usb1: SerialNumber: xhci-hcd.0.auto
[   11.477832] hub 1-0:1.0: USB hub found
[   11.477897] hub 1-0:1.0: 1 port detected
[   11.478574] xhci-hcd xhci-hcd.0.auto: xHCI Host Controller
[   11.478817] xhci-hcd xhci-hcd.0.auto: new USB bus registered, assigned bus number 2
[   11.479195] usb usb2: New USB device found, idVendor=1d6b, idProduct=0003
[   11.479201] usb usb2: New USB device strings: Mfr=3, Product=2, SerialNumber=1
[   11.479205] usb usb2: Product: xHCI Host Controller
[   11.479209] usb usb2: Manufacturer: Linux 3.18.120-g633bbeaf1917 xhci-hcd
[   11.479213] usb usb2: SerialNumber: xhci-hcd.0.auto
[   11.480197] hub 2-0:1.0: USB hub found
[   11.480263] hub 2-0:1.0: 1 port detected
[   11.589187] Loaded X.509 cert 'Magrathea: Glacier signing key: cae9dd1079e29a1b146264020808ed447ce00f27'
[   11.597902] registered taskstats version 1
[   11.606264] scm_call failed: func id 0x42001601, ret: -1, syscall returns: 0x0, 0x0, 0x0
[   11.614238] fastrpc soc:qcom,msm-adsprpc-mem: for adsp_rh segments only will be dumped.
[   11.623051] adsprpc: channel link type: 0
[   11.648634] msm8996-asoc-snd soc:sound-9335: ASoC: platform (null) not registered
[   11.658369] RNDIS_IPA module is loaded.
[   11.661839] msm8996-asoc-snd soc:sound-9335: ASoC: platform (null) not registered
[   11.662309] file system registered
[   11.662438] mbim_init: initialize 1 instances
[   11.662551] mbim_init: Initialized 1 ports
[   11.666842] rndis_qc_init: initialize rndis QC instance
[   11.667523] Number of LUNs=8
[   11.667591] Mass Storage Function, version: 2009/09/11
[   11.667598] LUN: removable file: (no medium)
[   11.667729] Number of LUNs=1
[   11.667878] LUN: removable file: (no medium)
[   11.667883] Number of LUNs=1
[   11.668685] android_usb gadget: android_usb ready
[   11.671647] input: gpio-keys as /devices/soc/soc:gpio_keys/input/input5
[   11.676367] qcom,qpnp-rtc qpnp-rtc-8: setting system clock to 1970-01-01 00:00:16 UTC (16)
[   11.685552] lmh_lite:lmh_parse_sensor Registering sensor:[DLMt_APC1]
[   11.686125] lmh_lite:lmh_parse_sensor Registering sensor:[LLM_cp00]
[   11.686658] lmh_lite:lmh_parse_sensor Registering sensor:[LLM_cp01]
[   11.687174] lmh_lite:lmh_parse_sensor Registering sensor:[LLM_cp10]
[   11.687709] lmh_lite:lmh_parse_sensor Registering sensor:[LLM_cp11]
[   11.688212] lmh_lite:lmh_parse_sensor Registering sensor:[LLM_m4m0]
[   11.688731] lmh_lite:lmh_parse_sensor Registering sensor:[LLM_l21-]
[   11.689383] lmh_lite:lmh_parse_sensor Registering sensor:[LLM_l20-]
[   11.693397] parse_cpu_levels: idx 1 545
[   11.693400] parse_cpu_levels: idx 2 6022
[   11.693402] parse_cpu_levels: idx 2 11499
[   11.693518] parse_cpu_levels: idx 1 545
[   11.693520] parse_cpu_levels: idx 2 6022
[   11.693522] parse_cpu_levels: idx 2 11499
[   11.697758] qcom,qpnp-flash-led qpnp-flash-led-27: Unable to acquire pinctrl
[   11.710478] qcom,cc-debug-8996 362000.qcom,cc-debug: Registered debug mux.
[   11.711566] apc0_pwrcl_mem_acc_corner: disabling
[   11.711571] apc1_perfcl_mem_acc_corner: disabling
[   11.711575] apcc_l3_mem_acc_corner: disabling
[   11.711579] gfx_mem_acc_corner: disabling
[   11.711583] kryo0-retention: disabling
[   11.711589] kryo1-retention: disabling
[   11.711697] gdsc_mmagic_bimc: disabling
[   11.711701] usb_otg_vreg: disabling
[   11.711704] wlan_en_vreg: disabling
[   11.711810] ibb_reg: disabling
[   11.720071] regulator_proxy_consumer_remove_all: removing regulator proxy consumer requests
[   11.721003] clock_late_init: Removing enables held for handed-off clocks
[   11.727292] ALSA device list:
[   11.727295]   No soundcards found.
[   11.790101] usb 1-1: new high-speed USB device number 2 using xhci-hcd
[   11.810156] usb 2-1: new SuperSpeed USB device number 2 using xhci-hcd
[   11.830865] usb 2-1: New USB device found, idVendor=0424, idProduct=5537
[   11.830871] usb 2-1: New USB device strings: Mfr=2, Product=3, SerialNumber=0
[   11.830875] usb 2-1: Product: USB5537B
[   11.830879] usb 2-1: Manufacturer: SMSC
[   11.847356] hub 2-1:1.0: USB hub found
[   11.847455] hub 2-1:1.0: 7 ports [   11.921441] msm8996-asoc-snd soc:sound-9335: ASoC: platform (null) not registered
[   11.924744] EXT3-fs (sde18): error: couldn't mount because of unsupported optional features (240)
[   11.925305] EXT2-fs (sde18): error: couldn't mount because of unsupported optional features (240)
[   11.931322] EXT4-fs (sde18): mounted filesystem without journal. Opts: (null)
[   11.931372] VFS: Mounted root (ext4 filesystem) readonly on device 259:2.
[   11.932358] Freeing unused kernel memory: 628K
[   11.932546] Freeing alternatives memory: 128K
[   11.940886] usb 1-1: New USB device found, idVendor=0424, idProduct=2137
[   11.940895] usb 1-1: New USB device strings: Mfr=1, Product=2, SerialNumber=0
[   11.940902] usb 1-1: Product: USB2137B
[   11.940908] usb 1-1: Manufacturer: SMSC
[   11.959507] hub 1-1:1.0: USB hub found
[   11.959641] hub 1-1:1.0: 7 ports detected
[   12.000578] init: init first stage started!
[   12.001574] msm8996-asoc-snd soc:sound-9335: ASoC: platform (null) not registered
[   12.015904] init: Using Android DT directory /proc/device-tree/firmware/android/
[   12.025230] init: [libfs_mgr]fs_mgr_read_fstab_default(): failed to find device default fstab
[   12.270101] usb 1-1.1: new full-speed USB device number 3 using xhci-hcd
[   12.318874] init (393) used greatest stack depth: 12872 bytes left
[   12.321223] init: [libfs_mgr]Enabling dm-verity for vendor (mode 2)
[   12.321246] init: [libfs_mgr]Verity table: updated block device from '/dev/block/bootdevice/by-name/vendor' to '/dev/block/platform/soc/624000.ufshc/by-name/vendor'
[   12.321261] init: [libfs_mgr]Verity table: updated block device from '/dev/block/bootdevice/by-name/vendor' to '/dev/block/platform/soc/624000.ufshc/by-name/vendor'
[   12.321315] init: [libfs_mgr]loading verity table: '1 /dev/block/platform/soc/624000.ufshc/by-name/vendor /dev/block/platform/soc/624000.ufshc/by-name/vendor 4096 4096 258044 258044 sha256 f7b'
[   12.393581] usb 1-1.1: New USB device found, idVendor=046d, idProduct=c539
[   12.393587] usb 1-1.1: New USB device strings: Mfr=1, Product=2, SerialNumber=0
[   12.393592] usb 1-1.1: Product: USB Receiver
[   12.393596] usb 1-1.1: Manufacturer: Logitech
[   12.411347] input: Logitech USB Receiver as /devices/soc/6a00000.ssusb/6a00000.dwc3/xhci-hcd.0.auto/usb1/1-1/1-1.1/1-1.1:1.0/0003:046D:C539.0001/input/input6
[   12.411734] hid-generic 0003:046D:C539.0001: input,hidraw0: USB HID v1.11 Keyboard [Logitech USB Receiver] on usb-xhci-hcd.0.auto-1.1/input0
